// Jest Snapshot v1, https://goo.gl/fbAQLP

exports[`Atoms > Cards > Evolution test Matches the snapshot 1`] = `
<a
  class="chakra-link w-full css-ofs0kf"
  data-testid="evolution-card"
  href="/evolucion/3fa85f64-5717-4562-b3fc-2c963f66afa5/1/1"
>
  <div
    class="mb-1 flex flex-row items-center justify-between"
  >
    <div
      class="flex flex-col items-start gap-1"
    >
      <b
        class="chakra-text css-qqfgvy"
      >
        Evolución 1: 17, septiembre 2024
      </b>
      <div
        class="flex flex-col items-start gap-1"
      >
        <p
          class="chakra-text css-0"
        >
          Editado por: Pedro Pérez
        </p>
        <p
          class="chakra-text css-0"
        >
          Patología: Dolor
        </p>
      </div>
    </div>
    <div />
  </div>
</a>
`
