// Jest Snapshot v1, https://goo.gl/fbAQLP

exports[`Organisms > PendingDoctor test Matches the snapshot 1`] = `
<div
  class="flex h-screen w-screen flex-col items-center p-8 lg:px-96 pt-8"
  data-testid="pending-doctor"
>
  <img
    alt="logo"
    class="mx-auto mb-8"
    data-nimg="1"
    decoding="async"
    height="80"
    loading="lazy"
    src="/_next/image?url=%2Fstatic%2Fimages%2Flogo-horizontal.png&w=640&q=75"
    srcset="/_next/image?url=%2Fstatic%2Fimages%2Flogo-horizontal.png&w=256&q=75 1x, /_next/image?url=%2Fstatic%2Fimages%2Flogo-horizontal.png&w=640&q=75 2x"
    style="color: transparent;"
    width="200"
  />
  <div
    class="flex h-full flex-col items-center justify-center"
  >
    <div />
    <b
      class="chakra-text css-1ayfwcb"
    >
      Aprobación pendiente
    </b>
    <p
      class="chakra-text css-u0e0gd"
    >
      José Pérez
       
      CI: 1000000
    </p>
    <p
      class="chakra-text css-xi606m"
    >
      Lorem ipsum dolor sit amet, consectetur adipiscing elit. Sagittis porttitor leo diam risus vel elementum in vulputate.
    </p>
  </div>
  <button
    class="chakra-button css-jzcxx5"
    type="button"
  >
    OK
  </button>
</div>
`
