// Jest Snapshot v1, https://goo.gl/fbAQLP

exports[`Molecules > Forms > Login test Matches the snapshot 1`] = `
<form
  class="flex flex-col items-center gap-4"
  data-testid="login-form"
>
  <div
    class="chakra-form-control css-1kxonj9"
    role="group"
  >
    <div
      class="w-full"
      data-testid="input-component"
    >
      <label
        for="email"
      >
        Correo electrónico
      </label>
      <input
        class="chakra-input mb-4 mt-1 min-h-10 css-1cjy4zv"
        id="email"
        name="email"
        placeholder="Introduzca su correo electrónico"
      />
    </div>
    <div
      class="w-full"
      data-testid="input-component"
    >
      <label
        for="password"
      >
        Contraseña
      </label>
      <div
        class="chakra-input__group css-1y0e7gb"
        data-group="true"
      >
        <input
          class="chakra-input mb-4 mt-1 min-h-10 css-10dip6r"
          id="password"
          name="password"
          placeholder="Introduzca su contraseña"
          type="password"
        />
        <div
          class="chakra-input__right-element mt-1 css-i43vfa"
        >
          <button
            aria-label="show"
            class="chakra-button css-183dpir"
            type="button"
          >
            <svg
              aria-hidden="true"
              class="chakra-icon css-onkibi"
              focusable="false"
              viewBox="0 0 24 24"
            >
              <g
                fill="currentColor"
              >
                <path
                  d="M23.432,10.524C20.787,7.614,16.4,4.538,12,4.6,7.6,4.537,3.213,7.615.568,10.524a2.211,2.211,0,0,0,0,2.948C3.182,16.351,7.507,19.4,11.839,19.4h.308c4.347,0,8.671-3.049,11.288-5.929A2.21,2.21,0,0,0,23.432,10.524ZM7.4,12A4.6,4.6,0,1,1,12,16.6,4.6,4.6,0,0,1,7.4,12Z"
                />
                <circle
                  cx="12"
                  cy="12"
                  r="2"
                />
              </g>
            </svg>
          </button>
        </div>
      </div>
    </div>
    <button
      class="chakra-button css-ez23ye"
      type="submit"
    >
      Ingresar
    </button>
  </div>
</form>
`
