// Jest Snapshot v1, https://goo.gl/fbAQLP

exports[`Molecules > RequestsList test Matches the snapshot 1`] = `
<div
  class="chakra-stack h-full css-8g8ihq"
  data-testid="requests-list"
>
  <h2
    class="chakra-heading mb-4 css-9f6g39"
  >
    label
  </h2>
  <div
    class="overflow-auto"
  >
    <ul
      class="css-155za0w"
      role="list"
    >
      <div
        class="border-b border-black py-4 last:border-transparent"
      >
        <a
          class="chakra-link w-full css-spn4bz"
          data-testid="request-card"
          href="/institucion/medico/1000000"
        >
          <div
            class="flex flex-row items-center justify-between"
          >
            <div
              class="flex flex-col items-start gap-1"
            >
              <b
                class="chakra-text css-qqfgvy"
              >
                José Pérez
              </b>
              <p
                class="chakra-text css-0"
              >
                C.I: 1000000, undefined.
              </p>
            </div>
            <div />
          </div>
        </a>
      </div>
      <div
        class="border-b border-black py-4 last:border-transparent"
      >
        <a
          class="chakra-link w-full css-spn4bz"
          data-testid="request-card"
          href="/institucion/medico/2000000"
        >
          <div
            class="flex flex-row items-center justify-between"
          >
            <div
              class="flex flex-col items-start gap-1"
            >
              <b
                class="chakra-text css-qqfgvy"
              >
                José Pérez
              </b>
              <p
                class="chakra-text css-0"
              >
                C.I: 2000000, undefined.
              </p>
            </div>
            <div />
          </div>
        </a>
      </div>
      <div
        class="border-b border-black py-4 last:border-transparent"
      >
        <a
          class="chakra-link w-full css-spn4bz"
          data-testid="request-card"
          href="/institucion/medico/3000000"
        >
          <div
            class="flex flex-row items-center justify-between"
          >
            <div
              class="flex flex-col items-start gap-1"
            >
              <b
                class="chakra-text css-qqfgvy"
              >
                José Pérez
              </b>
              <p
                class="chakra-text css-0"
              >
                C.I: 3000000, undefined.
              </p>
            </div>
            <div />
          </div>
        </a>
      </div>
      <div
        class="border-b border-black py-4 last:border-transparent"
      >
        <a
          class="chakra-link w-full css-spn4bz"
          data-testid="request-card"
          href="/institucion/medico/4000000"
        >
          <div
            class="flex flex-row items-center justify-between"
          >
            <div
              class="flex flex-col items-start gap-1"
            >
              <b
                class="chakra-text css-qqfgvy"
              >
                José Pérez
              </b>
              <p
                class="chakra-text css-0"
              >
                C.I: 4000000, undefined.
              </p>
            </div>
            <div />
          </div>
        </a>
      </div>
      <div
        class="border-b border-black py-4 last:border-transparent"
      >
        <a
          class="chakra-link w-full css-spn4bz"
          data-testid="request-card"
          href="/institucion/medico/5000000"
        >
          <div
            class="flex flex-row items-center justify-between"
          >
            <div
              class="flex flex-col items-start gap-1"
            >
              <b
                class="chakra-text css-qqfgvy"
              >
                José Pérez
              </b>
              <p
                class="chakra-text css-0"
              >
                C.I: 5000000, undefined.
              </p>
            </div>
            <div />
          </div>
        </a>
      </div>
      <div
        class="border-b border-black py-4 last:border-transparent"
      >
        <a
          class="chakra-link w-full css-spn4bz"
          data-testid="request-card"
          href="/institucion/medico/6000000"
        >
          <div
            class="flex flex-row items-center justify-between"
          >
            <div
              class="flex flex-col items-start gap-1"
            >
              <b
                class="chakra-text css-qqfgvy"
              >
                José Pérez
              </b>
              <p
                class="chakra-text css-0"
              >
                C.I: 6000000, undefined.
              </p>
            </div>
            <div />
          </div>
        </a>
      </div>
      <div
        class="border-b border-black py-4 last:border-transparent"
      >
        <a
          class="chakra-link w-full css-spn4bz"
          data-testid="request-card"
          href="/institucion/medico/7000000"
        >
          <div
            class="flex flex-row items-center justify-between"
          >
            <div
              class="flex flex-col items-start gap-1"
            >
              <b
                class="chakra-text css-qqfgvy"
              >
                José Pérez
              </b>
              <p
                class="chakra-text css-0"
              >
                C.I: 7000000, undefined.
              </p>
            </div>
            <div />
          </div>
        </a>
      </div>
      <div
        class="border-b border-black py-4 last:border-transparent"
      >
        <a
          class="chakra-link w-full css-spn4bz"
          data-testid="request-card"
          href="/institucion/medico/8000000"
        >
          <div
            class="flex flex-row items-center justify-between"
          >
            <div
              class="flex flex-col items-start gap-1"
            >
              <b
                class="chakra-text css-qqfgvy"
              >
                José Pérez
              </b>
              <p
                class="chakra-text css-0"
              >
                C.I: 8000000, undefined.
              </p>
            </div>
            <div />
          </div>
        </a>
      </div>
      <div
        class="border-b border-black py-4 last:border-transparent"
      >
        <a
          class="chakra-link w-full css-spn4bz"
          data-testid="request-card"
          href="/institucion/medico/9000000"
        >
          <div
            class="flex flex-row items-center justify-between"
          >
            <div
              class="flex flex-col items-start gap-1"
            >
              <b
                class="chakra-text css-qqfgvy"
              >
                José Pérez
              </b>
              <p
                class="chakra-text css-0"
              >
                C.I: 9000000, undefined.
              </p>
            </div>
            <div />
          </div>
        </a>
      </div>
      <div
        class="border-b border-black py-4 last:border-transparent"
      >
        <a
          class="chakra-link w-full css-spn4bz"
          data-testid="request-card"
          href="/institucion/medico/10000000"
        >
          <div
            class="flex flex-row items-center justify-between"
          >
            <div
              class="flex flex-col items-start gap-1"
            >
              <b
                class="chakra-text css-qqfgvy"
              >
                José Pérez
              </b>
              <p
                class="chakra-text css-0"
              >
                C.I: 10000000, undefined.
              </p>
            </div>
            <div />
          </div>
        </a>
      </div>
      <div
        class="border-b border-black py-4 last:border-transparent"
      >
        <a
          class="chakra-link w-full css-spn4bz"
          data-testid="request-card"
          href="/institucion/medico/11000000"
        >
          <div
            class="flex flex-row items-center justify-between"
          >
            <div
              class="flex flex-col items-start gap-1"
            >
              <b
                class="chakra-text css-qqfgvy"
              >
                José Pérez
              </b>
              <p
                class="chakra-text css-0"
              >
                C.I: 11000000, undefined.
              </p>
            </div>
            <div />
          </div>
        </a>
      </div>
      <div
        class="border-b border-black py-4 last:border-transparent"
      >
        <a
          class="chakra-link w-full css-spn4bz"
          data-testid="request-card"
          href="/institucion/medico/12000000"
        >
          <div
            class="flex flex-row items-center justify-between"
          >
            <div
              class="flex flex-col items-start gap-1"
            >
              <b
                class="chakra-text css-qqfgvy"
              >
                José Pérez
              </b>
              <p
                class="chakra-text css-0"
              >
                C.I: 12000000, undefined.
              </p>
            </div>
            <div />
          </div>
        </a>
      </div>
      <div
        class="border-b border-black py-4 last:border-transparent"
      >
        <a
          class="chakra-link w-full css-spn4bz"
          data-testid="request-card"
          href="/institucion/medico/13000000"
        >
          <div
            class="flex flex-row items-center justify-between"
          >
            <div
              class="flex flex-col items-start gap-1"
            >
              <b
                class="chakra-text css-qqfgvy"
              >
                José Pérez
              </b>
              <p
                class="chakra-text css-0"
              >
                C.I: 13000000, undefined.
              </p>
            </div>
            <div />
          </div>
        </a>
      </div>
      <div
        class="border-b border-black py-4 last:border-transparent"
      >
        <a
          class="chakra-link w-full css-spn4bz"
          data-testid="request-card"
          href="/institucion/medico/14000000"
        >
          <div
            class="flex flex-row items-center justify-between"
          >
            <div
              class="flex flex-col items-start gap-1"
            >
              <b
                class="chakra-text css-qqfgvy"
              >
                José Pérez
              </b>
              <p
                class="chakra-text css-0"
              >
                C.I: 14000000, undefined.
              </p>
            </div>
            <div />
          </div>
        </a>
      </div>
      <div
        class="border-b border-black py-4 last:border-transparent"
      >
        <a
          class="chakra-link w-full css-spn4bz"
          data-testid="request-card"
          href="/institucion/medico/15000000"
        >
          <div
            class="flex flex-row items-center justify-between"
          >
            <div
              class="flex flex-col items-start gap-1"
            >
              <b
                class="chakra-text css-qqfgvy"
              >
                José Pérez
              </b>
              <p
                class="chakra-text css-0"
              >
                C.I: 15000000, undefined.
              </p>
            </div>
            <div />
          </div>
        </a>
      </div>
      <div
        class="border-b border-black py-4 last:border-transparent"
      >
        <a
          class="chakra-link w-full css-spn4bz"
          data-testid="request-card"
          href="/institucion/medico/16000000"
        >
          <div
            class="flex flex-row items-center justify-between"
          >
            <div
              class="flex flex-col items-start gap-1"
            >
              <b
                class="chakra-text css-qqfgvy"
              >
                José Pérez
              </b>
              <p
                class="chakra-text css-0"
              >
                C.I: 16000000, undefined.
              </p>
            </div>
            <div />
          </div>
        </a>
      </div>
      <div
        class="border-b border-black py-4 last:border-transparent"
      >
        <a
          class="chakra-link w-full css-spn4bz"
          data-testid="request-card"
          href="/institucion/medico/17000000"
        >
          <div
            class="flex flex-row items-center justify-between"
          >
            <div
              class="flex flex-col items-start gap-1"
            >
              <b
                class="chakra-text css-qqfgvy"
              >
                José Pérez
              </b>
              <p
                class="chakra-text css-0"
              >
                C.I: 17000000, undefined.
              </p>
            </div>
            <div />
          </div>
        </a>
      </div>
      <div
        class="border-b border-black py-4 last:border-transparent"
      >
        <a
          class="chakra-link w-full css-spn4bz"
          data-testid="request-card"
          href="/institucion/medico/18000000"
        >
          <div
            class="flex flex-row items-center justify-between"
          >
            <div
              class="flex flex-col items-start gap-1"
            >
              <b
                class="chakra-text css-qqfgvy"
              >
                José Pérez
              </b>
              <p
                class="chakra-text css-0"
              >
                C.I: 18000000, undefined.
              </p>
            </div>
            <div />
          </div>
        </a>
      </div>
      <div
        class="border-b border-black py-4 last:border-transparent"
      >
        <a
          class="chakra-link w-full css-spn4bz"
          data-testid="request-card"
          href="/institucion/medico/19000000"
        >
          <div
            class="flex flex-row items-center justify-between"
          >
            <div
              class="flex flex-col items-start gap-1"
            >
              <b
                class="chakra-text css-qqfgvy"
              >
                José Pérez
              </b>
              <p
                class="chakra-text css-0"
              >
                C.I: 19000000, undefined.
              </p>
            </div>
            <div />
          </div>
        </a>
      </div>
      <div
        class="border-b border-black py-4 last:border-transparent"
      >
        <a
          class="chakra-link w-full css-spn4bz"
          data-testid="request-card"
          href="/institucion/medico/20000000"
        >
          <div
            class="flex flex-row items-center justify-between"
          >
            <div
              class="flex flex-col items-start gap-1"
            >
              <b
                class="chakra-text css-qqfgvy"
              >
                José Pérez
              </b>
              <p
                class="chakra-text css-0"
              >
                C.I: 20000000, undefined.
              </p>
            </div>
            <div />
          </div>
        </a>
      </div>
      <div
        class="border-b border-black py-4 last:border-transparent"
      >
        <a
          class="chakra-link w-full css-spn4bz"
          data-testid="request-card"
          href="/institucion/medico/21000000"
        >
          <div
            class="flex flex-row items-center justify-between"
          >
            <div
              class="flex flex-col items-start gap-1"
            >
              <b
                class="chakra-text css-qqfgvy"
              >
                José Pérez
              </b>
              <p
                class="chakra-text css-0"
              >
                C.I: 21000000, undefined.
              </p>
            </div>
            <div />
          </div>
        </a>
      </div>
      <div
        class="border-b border-black py-4 last:border-transparent"
      >
        <a
          class="chakra-link w-full css-spn4bz"
          data-testid="request-card"
          href="/institucion/medico/22000000"
        >
          <div
            class="flex flex-row items-center justify-between"
          >
            <div
              class="flex flex-col items-start gap-1"
            >
              <b
                class="chakra-text css-qqfgvy"
              >
                José Pérez
              </b>
              <p
                class="chakra-text css-0"
              >
                C.I: 22000000, undefined.
              </p>
            </div>
            <div />
          </div>
        </a>
      </div>
      <div
        class="border-b border-black py-4 last:border-transparent"
      >
        <a
          class="chakra-link w-full css-spn4bz"
          data-testid="request-card"
          href="/institucion/medico/23000000"
        >
          <div
            class="flex flex-row items-center justify-between"
          >
            <div
              class="flex flex-col items-start gap-1"
            >
              <b
                class="chakra-text css-qqfgvy"
              >
                José Pérez
              </b>
              <p
                class="chakra-text css-0"
              >
                C.I: 23000000, undefined.
              </p>
            </div>
            <div />
          </div>
        </a>
      </div>
      <div
        class="border-b border-black py-4 last:border-transparent"
      >
        <a
          class="chakra-link w-full css-spn4bz"
          data-testid="request-card"
          href="/institucion/medico/24000000"
        >
          <div
            class="flex flex-row items-center justify-between"
          >
            <div
              class="flex flex-col items-start gap-1"
            >
              <b
                class="chakra-text css-qqfgvy"
              >
                José Pérez
              </b>
              <p
                class="chakra-text css-0"
              >
                C.I: 24000000, undefined.
              </p>
            </div>
            <div />
          </div>
        </a>
      </div>
      <div
        class="border-b border-black py-4 last:border-transparent"
      >
        <a
          class="chakra-link w-full css-spn4bz"
          data-testid="request-card"
          href="/institucion/medico/25000000"
        >
          <div
            class="flex flex-row items-center justify-between"
          >
            <div
              class="flex flex-col items-start gap-1"
            >
              <b
                class="chakra-text css-qqfgvy"
              >
                José Pérez
              </b>
              <p
                class="chakra-text css-0"
              >
                C.I: 25000000, undefined.
              </p>
            </div>
            <div />
          </div>
        </a>
      </div>
      <div
        class="border-b border-black py-4 last:border-transparent"
      >
        <a
          class="chakra-link w-full css-spn4bz"
          data-testid="request-card"
          href="/institucion/medico/26000000"
        >
          <div
            class="flex flex-row items-center justify-between"
          >
            <div
              class="flex flex-col items-start gap-1"
            >
              <b
                class="chakra-text css-qqfgvy"
              >
                José Pérez
              </b>
              <p
                class="chakra-text css-0"
              >
                C.I: 26000000, undefined.
              </p>
            </div>
            <div />
          </div>
        </a>
      </div>
      <div
        class="border-b border-black py-4 last:border-transparent"
      >
        <a
          class="chakra-link w-full css-spn4bz"
          data-testid="request-card"
          href="/institucion/medico/27000000"
        >
          <div
            class="flex flex-row items-center justify-between"
          >
            <div
              class="flex flex-col items-start gap-1"
            >
              <b
                class="chakra-text css-qqfgvy"
              >
                José Pérez
              </b>
              <p
                class="chakra-text css-0"
              >
                C.I: 27000000, undefined.
              </p>
            </div>
            <div />
          </div>
        </a>
      </div>
      <div
        class="border-b border-black py-4 last:border-transparent"
      >
        <a
          class="chakra-link w-full css-spn4bz"
          data-testid="request-card"
          href="/institucion/medico/28000000"
        >
          <div
            class="flex flex-row items-center justify-between"
          >
            <div
              class="flex flex-col items-start gap-1"
            >
              <b
                class="chakra-text css-qqfgvy"
              >
                José Pérez
              </b>
              <p
                class="chakra-text css-0"
              >
                C.I: 28000000, undefined.
              </p>
            </div>
            <div />
          </div>
        </a>
      </div>
      <div
        class="border-b border-black py-4 last:border-transparent"
      >
        <a
          class="chakra-link w-full css-spn4bz"
          data-testid="request-card"
          href="/institucion/medico/29000000"
        >
          <div
            class="flex flex-row items-center justify-between"
          >
            <div
              class="flex flex-col items-start gap-1"
            >
              <b
                class="chakra-text css-qqfgvy"
              >
                José Pérez
              </b>
              <p
                class="chakra-text css-0"
              >
                C.I: 29000000, undefined.
              </p>
            </div>
            <div />
          </div>
        </a>
      </div>
      <div
        class="border-b border-black py-4 last:border-transparent"
      >
        <a
          class="chakra-link w-full css-spn4bz"
          data-testid="request-card"
          href="/institucion/medico/30000000"
        >
          <div
            class="flex flex-row items-center justify-between"
          >
            <div
              class="flex flex-col items-start gap-1"
            >
              <b
                class="chakra-text css-qqfgvy"
              >
                José Pérez
              </b>
              <p
                class="chakra-text css-0"
              >
                C.I: 30000000, undefined.
              </p>
            </div>
            <div />
          </div>
        </a>
      </div>
      <div
        class="border-b border-black py-4 last:border-transparent"
      >
        <a
          class="chakra-link w-full css-spn4bz"
          data-testid="request-card"
          href="/institucion/medico/31000000"
        >
          <div
            class="flex flex-row items-center justify-between"
          >
            <div
              class="flex flex-col items-start gap-1"
            >
              <b
                class="chakra-text css-qqfgvy"
              >
                José Pérez
              </b>
              <p
                class="chakra-text css-0"
              >
                C.I: 31000000, undefined.
              </p>
            </div>
            <div />
          </div>
        </a>
      </div>
      <div
        class="border-b border-black py-4 last:border-transparent"
      >
        <a
          class="chakra-link w-full css-spn4bz"
          data-testid="request-card"
          href="/institucion/medico/32000000"
        >
          <div
            class="flex flex-row items-center justify-between"
          >
            <div
              class="flex flex-col items-start gap-1"
            >
              <b
                class="chakra-text css-qqfgvy"
              >
                José Pérez
              </b>
              <p
                class="chakra-text css-0"
              >
                C.I: 32000000, undefined.
              </p>
            </div>
            <div />
          </div>
        </a>
      </div>
      <div
        class="border-b border-black py-4 last:border-transparent"
      >
        <a
          class="chakra-link w-full css-spn4bz"
          data-testid="request-card"
          href="/institucion/medico/33000000"
        >
          <div
            class="flex flex-row items-center justify-between"
          >
            <div
              class="flex flex-col items-start gap-1"
            >
              <b
                class="chakra-text css-qqfgvy"
              >
                José Pérez
              </b>
              <p
                class="chakra-text css-0"
              >
                C.I: 33000000, undefined.
              </p>
            </div>
            <div />
          </div>
        </a>
      </div>
      <div
        class="border-b border-black py-4 last:border-transparent"
      >
        <a
          class="chakra-link w-full css-spn4bz"
          data-testid="request-card"
          href="/institucion/medico/34000000"
        >
          <div
            class="flex flex-row items-center justify-between"
          >
            <div
              class="flex flex-col items-start gap-1"
            >
              <b
                class="chakra-text css-qqfgvy"
              >
                José Pérez
              </b>
              <p
                class="chakra-text css-0"
              >
                C.I: 34000000, undefined.
              </p>
            </div>
            <div />
          </div>
        </a>
      </div>
      <div
        class="border-b border-black py-4 last:border-transparent"
      >
        <a
          class="chakra-link w-full css-spn4bz"
          data-testid="request-card"
          href="/institucion/medico/35000000"
        >
          <div
            class="flex flex-row items-center justify-between"
          >
            <div
              class="flex flex-col items-start gap-1"
            >
              <b
                class="chakra-text css-qqfgvy"
              >
                José Pérez
              </b>
              <p
                class="chakra-text css-0"
              >
                C.I: 35000000, undefined.
              </p>
            </div>
            <div />
          </div>
        </a>
      </div>
      <div
        class="border-b border-black py-4 last:border-transparent"
      >
        <a
          class="chakra-link w-full css-spn4bz"
          data-testid="request-card"
          href="/institucion/medico/36000000"
        >
          <div
            class="flex flex-row items-center justify-between"
          >
            <div
              class="flex flex-col items-start gap-1"
            >
              <b
                class="chakra-text css-qqfgvy"
              >
                José Pérez
              </b>
              <p
                class="chakra-text css-0"
              >
                C.I: 36000000, undefined.
              </p>
            </div>
            <div />
          </div>
        </a>
      </div>
      <div
        class="border-b border-black py-4 last:border-transparent"
      >
        <a
          class="chakra-link w-full css-spn4bz"
          data-testid="request-card"
          href="/institucion/medico/37000000"
        >
          <div
            class="flex flex-row items-center justify-between"
          >
            <div
              class="flex flex-col items-start gap-1"
            >
              <b
                class="chakra-text css-qqfgvy"
              >
                José Pérez
              </b>
              <p
                class="chakra-text css-0"
              >
                C.I: 37000000, undefined.
              </p>
            </div>
            <div />
          </div>
        </a>
      </div>
      <div
        class="border-b border-black py-4 last:border-transparent"
      >
        <a
          class="chakra-link w-full css-spn4bz"
          data-testid="request-card"
          href="/institucion/medico/38000000"
        >
          <div
            class="flex flex-row items-center justify-between"
          >
            <div
              class="flex flex-col items-start gap-1"
            >
              <b
                class="chakra-text css-qqfgvy"
              >
                José Pérez
              </b>
              <p
                class="chakra-text css-0"
              >
                C.I: 38000000, undefined.
              </p>
            </div>
            <div />
          </div>
        </a>
      </div>
      <div
        class="border-b border-black py-4 last:border-transparent"
      >
        <a
          class="chakra-link w-full css-spn4bz"
          data-testid="request-card"
          href="/institucion/medico/39000000"
        >
          <div
            class="flex flex-row items-center justify-between"
          >
            <div
              class="flex flex-col items-start gap-1"
            >
              <b
                class="chakra-text css-qqfgvy"
              >
                José Pérez
              </b>
              <p
                class="chakra-text css-0"
              >
                C.I: 39000000, undefined.
              </p>
            </div>
            <div />
          </div>
        </a>
      </div>
      <div
        class="border-b border-black py-4 last:border-transparent"
      >
        <a
          class="chakra-link w-full css-spn4bz"
          data-testid="request-card"
          href="/institucion/medico/40000000"
        >
          <div
            class="flex flex-row items-center justify-between"
          >
            <div
              class="flex flex-col items-start gap-1"
            >
              <b
                class="chakra-text css-qqfgvy"
              >
                José Pérez
              </b>
              <p
                class="chakra-text css-0"
              >
                C.I: 40000000, undefined.
              </p>
            </div>
            <div />
          </div>
        </a>
      </div>
      <div
        class="border-b border-black py-4 last:border-transparent"
      >
        <a
          class="chakra-link w-full css-spn4bz"
          data-testid="request-card"
          href="/institucion/medico/41000000"
        >
          <div
            class="flex flex-row items-center justify-between"
          >
            <div
              class="flex flex-col items-start gap-1"
            >
              <b
                class="chakra-text css-qqfgvy"
              >
                José Pérez
              </b>
              <p
                class="chakra-text css-0"
              >
                C.I: 41000000, undefined.
              </p>
            </div>
            <div />
          </div>
        </a>
      </div>
      <div
        class="border-b border-black py-4 last:border-transparent"
      >
        <a
          class="chakra-link w-full css-spn4bz"
          data-testid="request-card"
          href="/institucion/medico/42000000"
        >
          <div
            class="flex flex-row items-center justify-between"
          >
            <div
              class="flex flex-col items-start gap-1"
            >
              <b
                class="chakra-text css-qqfgvy"
              >
                José Pérez
              </b>
              <p
                class="chakra-text css-0"
              >
                C.I: 42000000, undefined.
              </p>
            </div>
            <div />
          </div>
        </a>
      </div>
      <div
        class="border-b border-black py-4 last:border-transparent"
      >
        <a
          class="chakra-link w-full css-spn4bz"
          data-testid="request-card"
          href="/institucion/medico/43000000"
        >
          <div
            class="flex flex-row items-center justify-between"
          >
            <div
              class="flex flex-col items-start gap-1"
            >
              <b
                class="chakra-text css-qqfgvy"
              >
                José Pérez
              </b>
              <p
                class="chakra-text css-0"
              >
                C.I: 43000000, undefined.
              </p>
            </div>
            <div />
          </div>
        </a>
      </div>
      <div
        class="border-b border-black py-4 last:border-transparent"
      >
        <a
          class="chakra-link w-full css-spn4bz"
          data-testid="request-card"
          href="/institucion/medico/44000000"
        >
          <div
            class="flex flex-row items-center justify-between"
          >
            <div
              class="flex flex-col items-start gap-1"
            >
              <b
                class="chakra-text css-qqfgvy"
              >
                José Pérez
              </b>
              <p
                class="chakra-text css-0"
              >
                C.I: 44000000, undefined.
              </p>
            </div>
            <div />
          </div>
        </a>
      </div>
      <div
        class="border-b border-black py-4 last:border-transparent"
      >
        <a
          class="chakra-link w-full css-spn4bz"
          data-testid="request-card"
          href="/institucion/medico/45000000"
        >
          <div
            class="flex flex-row items-center justify-between"
          >
            <div
              class="flex flex-col items-start gap-1"
            >
              <b
                class="chakra-text css-qqfgvy"
              >
                José Pérez
              </b>
              <p
                class="chakra-text css-0"
              >
                C.I: 45000000, undefined.
              </p>
            </div>
            <div />
          </div>
        </a>
      </div>
      <div
        class="border-b border-black py-4 last:border-transparent"
      >
        <a
          class="chakra-link w-full css-spn4bz"
          data-testid="request-card"
          href="/institucion/medico/46000000"
        >
          <div
            class="flex flex-row items-center justify-between"
          >
            <div
              class="flex flex-col items-start gap-1"
            >
              <b
                class="chakra-text css-qqfgvy"
              >
                José Pérez
              </b>
              <p
                class="chakra-text css-0"
              >
                C.I: 46000000, undefined.
              </p>
            </div>
            <div />
          </div>
        </a>
      </div>
      <div
        class="border-b border-black py-4 last:border-transparent"
      >
        <a
          class="chakra-link w-full css-spn4bz"
          data-testid="request-card"
          href="/institucion/medico/47000000"
        >
          <div
            class="flex flex-row items-center justify-between"
          >
            <div
              class="flex flex-col items-start gap-1"
            >
              <b
                class="chakra-text css-qqfgvy"
              >
                José Pérez
              </b>
              <p
                class="chakra-text css-0"
              >
                C.I: 47000000, undefined.
              </p>
            </div>
            <div />
          </div>
        </a>
      </div>
      <div
        class="border-b border-black py-4 last:border-transparent"
      >
        <a
          class="chakra-link w-full css-spn4bz"
          data-testid="request-card"
          href="/institucion/medico/48000000"
        >
          <div
            class="flex flex-row items-center justify-between"
          >
            <div
              class="flex flex-col items-start gap-1"
            >
              <b
                class="chakra-text css-qqfgvy"
              >
                José Pérez
              </b>
              <p
                class="chakra-text css-0"
              >
                C.I: 48000000, undefined.
              </p>
            </div>
            <div />
          </div>
        </a>
      </div>
    </ul>
  </div>
</div>
`
