// Jest Snapshot v1, https://goo.gl/fbAQLP

exports[`Molecules > RequestsList test Matches the snapshot 1`] = `
<div
  class="chakra-stack h-full css-8g8ihq"
  data-testid="requests-list"
>
  <h2
    class="chakra-heading mb-4 css-9f6g39"
  >
    label
  </h2>
  <div
    class="overflow-auto"
  >
    <ul
      class="css-155za0w"
      role="list"
    >
      <div
        class="border-b border-black py-4 last:border-transparent"
      >
        <a
          class="chakra-link w-full css-spn4bz"
          data-testid="request-card"
          href="/institucion/medico/1000000"
        >
          <div
            class="flex flex-row items-center justify-between"
          >
            <div
              class="flex flex-col items-start gap-1"
            >
              <b
                class="chakra-text css-qqfgvy"
              >
                José Pérez
              </b>
              <p
                class="chakra-text css-0"
              >
                C.I: 1000000, Alergología.
              </p>
            </div>
            <div />
          </div>
        </a>
      </div>
      <div
        class="border-b border-black py-4 last:border-transparent"
      >
        <a
          class="chakra-link w-full css-spn4bz"
          data-testid="request-card"
          href="/institucion/medico/2000000"
        >
          <div
            class="flex flex-row items-center justify-between"
          >
            <div
              class="flex flex-col items-start gap-1"
            >
              <b
                class="chakra-text css-qqfgvy"
              >
                José Pérez
              </b>
              <p
                class="chakra-text css-0"
              >
                C.I: 2000000, Anestesiología y reanimación, Endocrinología y nutrición.
              </p>
            </div>
            <div />
          </div>
        </a>
      </div>
      <div
        class="border-b border-black py-4 last:border-transparent"
      >
        <a
          class="chakra-link w-full css-spn4bz"
          data-testid="request-card"
          href="/institucion/medico/3000000"
        >
          <div
            class="flex flex-row items-center justify-between"
          >
            <div
              class="flex flex-col items-start gap-1"
            >
              <b
                class="chakra-text css-qqfgvy"
              >
                José Pérez
              </b>
              <p
                class="chakra-text css-0"
              >
                C.I: 3000000, Aparato digestivo, Endocrinología y nutrición, Hematología y hemoterapia.
              </p>
            </div>
            <div />
          </div>
        </a>
      </div>
      <div
        class="border-b border-black py-4 last:border-transparent"
      >
        <a
          class="chakra-link w-full css-spn4bz"
          data-testid="request-card"
          href="/institucion/medico/4000000"
        >
          <div
            class="flex flex-row items-center justify-between"
          >
            <div
              class="flex flex-col items-start gap-1"
            >
              <b
                class="chakra-text css-qqfgvy"
              >
                José Pérez
              </b>
              <p
                class="chakra-text css-0"
              >
                C.I: 4000000, Cardiología, Alergología.
              </p>
            </div>
            <div />
          </div>
        </a>
      </div>
      <div
        class="border-b border-black py-4 last:border-transparent"
      >
        <a
          class="chakra-link w-full css-spn4bz"
          data-testid="request-card"
          href="/institucion/medico/5000000"
        >
          <div
            class="flex flex-row items-center justify-between"
          >
            <div
              class="flex flex-col items-start gap-1"
            >
              <b
                class="chakra-text css-qqfgvy"
              >
                José Pérez
              </b>
              <p
                class="chakra-text css-0"
              >
                C.I: 5000000, Endocrinología y nutrición, Medicina espacial, Endocrinología y nutrición.
              </p>
            </div>
            <div />
          </div>
        </a>
      </div>
      <div
        class="border-b border-black py-4 last:border-transparent"
      >
        <a
          class="chakra-link w-full css-spn4bz"
          data-testid="request-card"
          href="/institucion/medico/6000000"
        >
          <div
            class="flex flex-row items-center justify-between"
          >
            <div
              class="flex flex-col items-start gap-1"
            >
              <b
                class="chakra-text css-qqfgvy"
              >
                José Pérez
              </b>
              <p
                class="chakra-text css-0"
              >
                C.I: 6000000, Geriatría, Medicina espacial, Endocrinología y nutrición.
              </p>
            </div>
            <div />
          </div>
        </a>
      </div>
      <div
        class="border-b border-black py-4 last:border-transparent"
      >
        <a
          class="chakra-link w-full css-spn4bz"
          data-testid="request-card"
          href="/institucion/medico/7000000"
        >
          <div
            class="flex flex-row items-center justify-between"
          >
            <div
              class="flex flex-col items-start gap-1"
            >
              <b
                class="chakra-text css-qqfgvy"
              >
                José Pérez
              </b>
              <p
                class="chakra-text css-0"
              >
                C.I: 7000000, Hematología y hemoterapia, Medicina espacial, Endocrinología y nutrición.
              </p>
            </div>
            <div />
          </div>
        </a>
      </div>
      <div
        class="border-b border-black py-4 last:border-transparent"
      >
        <a
          class="chakra-link w-full css-spn4bz"
          data-testid="request-card"
          href="/institucion/medico/8000000"
        >
          <div
            class="flex flex-row items-center justify-between"
          >
            <div
              class="flex flex-col items-start gap-1"
            >
              <b
                class="chakra-text css-qqfgvy"
              >
                José Pérez
              </b>
              <p
                class="chakra-text css-0"
              >
                C.I: 8000000, Medicina de la educación física y del deporte, Medicina espacial, Endocrinología y nutrición, Alergología, Aparato digestivo, Cardiología.
              </p>
            </div>
            <div />
          </div>
        </a>
      </div>
      <div
        class="border-b border-black py-4 last:border-transparent"
      >
        <a
          class="chakra-link w-full css-spn4bz"
          data-testid="request-card"
          href="/institucion/medico/9000000"
        >
          <div
            class="flex flex-row items-center justify-between"
          >
            <div
              class="flex flex-col items-start gap-1"
            >
              <b
                class="chakra-text css-qqfgvy"
              >
                José Pérez
              </b>
              <p
                class="chakra-text css-0"
              >
                C.I: 9000000, Medicina espacial, Medicina espacial, Endocrinología y nutrición.
              </p>
            </div>
            <div />
          </div>
        </a>
      </div>
      <div
        class="border-b border-black py-4 last:border-transparent"
      >
        <a
          class="chakra-link w-full css-spn4bz"
          data-testid="request-card"
          href="/institucion/medico/10000000"
        >
          <div
            class="flex flex-row items-center justify-between"
          >
            <div
              class="flex flex-col items-start gap-1"
            >
              <b
                class="chakra-text css-qqfgvy"
              >
                José Pérez
              </b>
              <p
                class="chakra-text css-0"
              >
                C.I: 10000000, Medicina intensiva, Medicina espacial, Endocrinología y nutrición.
              </p>
            </div>
            <div />
          </div>
        </a>
      </div>
      <div
        class="border-b border-black py-4 last:border-transparent"
      >
        <a
          class="chakra-link w-full css-spn4bz"
          data-testid="request-card"
          href="/institucion/medico/11000000"
        >
          <div
            class="flex flex-row items-center justify-between"
          >
            <div
              class="flex flex-col items-start gap-1"
            >
              <b
                class="chakra-text css-qqfgvy"
              >
                José Pérez
              </b>
              <p
                class="chakra-text css-0"
              >
                C.I: 11000000, Medicina interna, Medicina espacial, Endocrinología y nutrición.
              </p>
            </div>
            <div />
          </div>
        </a>
      </div>
      <div
        class="border-b border-black py-4 last:border-transparent"
      >
        <a
          class="chakra-link w-full css-spn4bz"
          data-testid="request-card"
          href="/institucion/medico/12000000"
        >
          <div
            class="flex flex-row items-center justify-between"
          >
            <div
              class="flex flex-col items-start gap-1"
            >
              <b
                class="chakra-text css-qqfgvy"
              >
                José Pérez
              </b>
              <p
                class="chakra-text css-0"
              >
                C.I: 12000000, Medicina legal y forense, Medicina espacial, Endocrinología y nutrición.
              </p>
            </div>
            <div />
          </div>
        </a>
      </div>
      <div
        class="border-b border-black py-4 last:border-transparent"
      >
        <a
          class="chakra-link w-full css-spn4bz"
          data-testid="request-card"
          href="/institucion/medico/13000000"
        >
          <div
            class="flex flex-row items-center justify-between"
          >
            <div
              class="flex flex-col items-start gap-1"
            >
              <b
                class="chakra-text css-qqfgvy"
              >
                José Pérez
              </b>
              <p
                class="chakra-text css-0"
              >
                C.I: 13000000, Medicina preventiva y salud pública, Medicina espacial, Endocrinología y nutrición.
              </p>
            </div>
            <div />
          </div>
        </a>
      </div>
      <div
        class="border-b border-black py-4 last:border-transparent"
      >
        <a
          class="chakra-link w-full css-spn4bz"
          data-testid="request-card"
          href="/institucion/medico/14000000"
        >
          <div
            class="flex flex-row items-center justify-between"
          >
            <div
              class="flex flex-col items-start gap-1"
            >
              <b
                class="chakra-text css-qqfgvy"
              >
                José Pérez
              </b>
              <p
                class="chakra-text css-0"
              >
                C.I: 14000000, Medicina del trabajo, Medicina espacial, Endocrinología y nutrición.
              </p>
            </div>
            <div />
          </div>
        </a>
      </div>
      <div
        class="border-b border-black py-4 last:border-transparent"
      >
        <a
          class="chakra-link w-full css-spn4bz"
          data-testid="request-card"
          href="/institucion/medico/15000000"
        >
          <div
            class="flex flex-row items-center justify-between"
          >
            <div
              class="flex flex-col items-start gap-1"
            >
              <b
                class="chakra-text css-qqfgvy"
              >
                José Pérez
              </b>
              <p
                class="chakra-text css-0"
              >
                C.I: 15000000, Nefrología, Medicina espacial, Endocrinología y nutrición.
              </p>
            </div>
            <div />
          </div>
        </a>
      </div>
      <div
        class="border-b border-black py-4 last:border-transparent"
      >
        <a
          class="chakra-link w-full css-spn4bz"
          data-testid="request-card"
          href="/institucion/medico/16000000"
        >
          <div
            class="flex flex-row items-center justify-between"
          >
            <div
              class="flex flex-col items-start gap-1"
            >
              <b
                class="chakra-text css-qqfgvy"
              >
                José Pérez
              </b>
              <p
                class="chakra-text css-0"
              >
                C.I: 16000000, Neumología, Medicina espacial, Endocrinología y nutrición.
              </p>
            </div>
            <div />
          </div>
        </a>
      </div>
      <div
        class="border-b border-black py-4 last:border-transparent"
      >
        <a
          class="chakra-link w-full css-spn4bz"
          data-testid="request-card"
          href="/institucion/medico/17000000"
        >
          <div
            class="flex flex-row items-center justify-between"
          >
            <div
              class="flex flex-col items-start gap-1"
            >
              <b
                class="chakra-text css-qqfgvy"
              >
                José Pérez
              </b>
              <p
                class="chakra-text css-0"
              >
                C.I: 17000000, Neurología, Medicina espacial, Endocrinología y nutrición.
              </p>
            </div>
            <div />
          </div>
        </a>
      </div>
      <div
        class="border-b border-black py-4 last:border-transparent"
      >
        <a
          class="chakra-link w-full css-spn4bz"
          data-testid="request-card"
          href="/institucion/medico/18000000"
        >
          <div
            class="flex flex-row items-center justify-between"
          >
            <div
              class="flex flex-col items-start gap-1"
            >
              <b
                class="chakra-text css-qqfgvy"
              >
                José Pérez
              </b>
              <p
                class="chakra-text css-0"
              >
                C.I: 18000000, Neurofisiología Clínica, Medicina espacial, Endocrinología y nutrición.
              </p>
            </div>
            <div />
          </div>
        </a>
      </div>
      <div
        class="border-b border-black py-4 last:border-transparent"
      >
        <a
          class="chakra-link w-full css-spn4bz"
          data-testid="request-card"
          href="/institucion/medico/19000000"
        >
          <div
            class="flex flex-row items-center justify-between"
          >
            <div
              class="flex flex-col items-start gap-1"
            >
              <b
                class="chakra-text css-qqfgvy"
              >
                José Pérez
              </b>
              <p
                class="chakra-text css-0"
              >
                C.I: 19000000, Oncología médica, Medicina espacial, Endocrinología y nutrición.
              </p>
            </div>
            <div />
          </div>
        </a>
      </div>
      <div
        class="border-b border-black py-4 last:border-transparent"
      >
        <a
          class="chakra-link w-full css-spn4bz"
          data-testid="request-card"
          href="/institucion/medico/20000000"
        >
          <div
            class="flex flex-row items-center justify-between"
          >
            <div
              class="flex flex-col items-start gap-1"
            >
              <b
                class="chakra-text css-qqfgvy"
              >
                José Pérez
              </b>
              <p
                class="chakra-text css-0"
              >
                C.I: 20000000, Oncología radioterápica, Medicina espacial, Endocrinología y nutrición.
              </p>
            </div>
            <div />
          </div>
        </a>
      </div>
      <div
        class="border-b border-black py-4 last:border-transparent"
      >
        <a
          class="chakra-link w-full css-spn4bz"
          data-testid="request-card"
          href="/institucion/medico/21000000"
        >
          <div
            class="flex flex-row items-center justify-between"
          >
            <div
              class="flex flex-col items-start gap-1"
            >
              <b
                class="chakra-text css-qqfgvy"
              >
                José Pérez
              </b>
              <p
                class="chakra-text css-0"
              >
                C.I: 21000000, Pediatría, Medicina espacial, Endocrinología y nutrición.
              </p>
            </div>
            <div />
          </div>
        </a>
      </div>
      <div
        class="border-b border-black py-4 last:border-transparent"
      >
        <a
          class="chakra-link w-full css-spn4bz"
          data-testid="request-card"
          href="/institucion/medico/22000000"
        >
          <div
            class="flex flex-row items-center justify-between"
          >
            <div
              class="flex flex-col items-start gap-1"
            >
              <b
                class="chakra-text css-qqfgvy"
              >
                José Pérez
              </b>
              <p
                class="chakra-text css-0"
              >
                C.I: 22000000, Psiquiatría, Medicina espacial, Endocrinología y nutrición.
              </p>
            </div>
            <div />
          </div>
        </a>
      </div>
      <div
        class="border-b border-black py-4 last:border-transparent"
      >
        <a
          class="chakra-link w-full css-spn4bz"
          data-testid="request-card"
          href="/institucion/medico/23000000"
        >
          <div
            class="flex flex-row items-center justify-between"
          >
            <div
              class="flex flex-col items-start gap-1"
            >
              <b
                class="chakra-text css-qqfgvy"
              >
                José Pérez
              </b>
              <p
                class="chakra-text css-0"
              >
                C.I: 23000000, Rehabilitación, Medicina espacial, Endocrinología y nutrición.
              </p>
            </div>
            <div />
          </div>
        </a>
      </div>
      <div
        class="border-b border-black py-4 last:border-transparent"
      >
        <a
          class="chakra-link w-full css-spn4bz"
          data-testid="request-card"
          href="/institucion/medico/24000000"
        >
          <div
            class="flex flex-row items-center justify-between"
          >
            <div
              class="flex flex-col items-start gap-1"
            >
              <b
                class="chakra-text css-qqfgvy"
              >
                José Pérez
              </b>
              <p
                class="chakra-text css-0"
              >
                C.I: 24000000, Reumatología, Medicina espacial, Endocrinología y nutrición.
              </p>
            </div>
            <div />
          </div>
        </a>
      </div>
      <div
        class="border-b border-black py-4 last:border-transparent"
      >
        <a
          class="chakra-link w-full css-spn4bz"
          data-testid="request-card"
          href="/institucion/medico/25000000"
        >
          <div
            class="flex flex-row items-center justify-between"
          >
            <div
              class="flex flex-col items-start gap-1"
            >
              <b
                class="chakra-text css-qqfgvy"
              >
                José Pérez
              </b>
              <p
                class="chakra-text css-0"
              >
                C.I: 25000000, Medicina familiar y comunitaria, Medicina espacial, Endocrinología y nutrición.
              </p>
            </div>
            <div />
          </div>
        </a>
      </div>
      <div
        class="border-b border-black py-4 last:border-transparent"
      >
        <a
          class="chakra-link w-full css-spn4bz"
          data-testid="request-card"
          href="/institucion/medico/26000000"
        >
          <div
            class="flex flex-row items-center justify-between"
          >
            <div
              class="flex flex-col items-start gap-1"
            >
              <b
                class="chakra-text css-qqfgvy"
              >
                José Pérez
              </b>
              <p
                class="chakra-text css-0"
              >
                C.I: 26000000, Cirugía cardiovascular, Medicina espacial, Endocrinología y nutrición.
              </p>
            </div>
            <div />
          </div>
        </a>
      </div>
      <div
        class="border-b border-black py-4 last:border-transparent"
      >
        <a
          class="chakra-link w-full css-spn4bz"
          data-testid="request-card"
          href="/institucion/medico/27000000"
        >
          <div
            class="flex flex-row items-center justify-between"
          >
            <div
              class="flex flex-col items-start gap-1"
            >
              <b
                class="chakra-text css-qqfgvy"
              >
                José Pérez
              </b>
              <p
                class="chakra-text css-0"
              >
                C.I: 27000000, Cirugía general y del aparato digestivo, Medicina espacial, Endocrinología y nutrición.
              </p>
            </div>
            <div />
          </div>
        </a>
      </div>
      <div
        class="border-b border-black py-4 last:border-transparent"
      >
        <a
          class="chakra-link w-full css-spn4bz"
          data-testid="request-card"
          href="/institucion/medico/28000000"
        >
          <div
            class="flex flex-row items-center justify-between"
          >
            <div
              class="flex flex-col items-start gap-1"
            >
              <b
                class="chakra-text css-qqfgvy"
              >
                José Pérez
              </b>
              <p
                class="chakra-text css-0"
              >
                C.I: 28000000, Cirugía oral y maxilofacial, Medicina espacial, Endocrinología y nutrición.
              </p>
            </div>
            <div />
          </div>
        </a>
      </div>
      <div
        class="border-b border-black py-4 last:border-transparent"
      >
        <a
          class="chakra-link w-full css-spn4bz"
          data-testid="request-card"
          href="/institucion/medico/29000000"
        >
          <div
            class="flex flex-row items-center justify-between"
          >
            <div
              class="flex flex-col items-start gap-1"
            >
              <b
                class="chakra-text css-qqfgvy"
              >
                José Pérez
              </b>
              <p
                class="chakra-text css-0"
              >
                C.I: 29000000, Cirugía ortopédica y traumatología, Medicina espacial, Endocrinología y nutrición.
              </p>
            </div>
            <div />
          </div>
        </a>
      </div>
      <div
        class="border-b border-black py-4 last:border-transparent"
      >
        <a
          class="chakra-link w-full css-spn4bz"
          data-testid="request-card"
          href="/institucion/medico/30000000"
        >
          <div
            class="flex flex-row items-center justify-between"
          >
            <div
              class="flex flex-col items-start gap-1"
            >
              <b
                class="chakra-text css-qqfgvy"
              >
                José Pérez
              </b>
              <p
                class="chakra-text css-0"
              >
                C.I: 30000000, Cirugía pediátrica, Medicina espacial, Endocrinología y nutrición.
              </p>
            </div>
            <div />
          </div>
        </a>
      </div>
      <div
        class="border-b border-black py-4 last:border-transparent"
      >
        <a
          class="chakra-link w-full css-spn4bz"
          data-testid="request-card"
          href="/institucion/medico/31000000"
        >
          <div
            class="flex flex-row items-center justify-between"
          >
            <div
              class="flex flex-col items-start gap-1"
            >
              <b
                class="chakra-text css-qqfgvy"
              >
                José Pérez
              </b>
              <p
                class="chakra-text css-0"
              >
                C.I: 31000000, Cirugía plástica, estética y reparadora, Medicina espacial, Endocrinología y nutrición.
              </p>
            </div>
            <div />
          </div>
        </a>
      </div>
      <div
        class="border-b border-black py-4 last:border-transparent"
      >
        <a
          class="chakra-link w-full css-spn4bz"
          data-testid="request-card"
          href="/institucion/medico/32000000"
        >
          <div
            class="flex flex-row items-center justify-between"
          >
            <div
              class="flex flex-col items-start gap-1"
            >
              <b
                class="chakra-text css-qqfgvy"
              >
                José Pérez
              </b>
              <p
                class="chakra-text css-0"
              >
                C.I: 32000000, Cirugía torácica, Medicina espacial, Endocrinología y nutrición.
              </p>
            </div>
            <div />
          </div>
        </a>
      </div>
      <div
        class="border-b border-black py-4 last:border-transparent"
      >
        <a
          class="chakra-link w-full css-spn4bz"
          data-testid="request-card"
          href="/institucion/medico/33000000"
        >
          <div
            class="flex flex-row items-center justify-between"
          >
            <div
              class="flex flex-col items-start gap-1"
            >
              <b
                class="chakra-text css-qqfgvy"
              >
                José Pérez
              </b>
              <p
                class="chakra-text css-0"
              >
                C.I: 33000000, Neurocirugía, Medicina espacial, Endocrinología y nutrición.
              </p>
            </div>
            <div />
          </div>
        </a>
      </div>
      <div
        class="border-b border-black py-4 last:border-transparent"
      >
        <a
          class="chakra-link w-full css-spn4bz"
          data-testid="request-card"
          href="/institucion/medico/34000000"
        >
          <div
            class="flex flex-row items-center justify-between"
          >
            <div
              class="flex flex-col items-start gap-1"
            >
              <b
                class="chakra-text css-qqfgvy"
              >
                José Pérez
              </b>
              <p
                class="chakra-text css-0"
              >
                C.I: 34000000, Angiología y cirugía vascular, Medicina espacial, Endocrinología y nutrición.
              </p>
            </div>
            <div />
          </div>
        </a>
      </div>
      <div
        class="border-b border-black py-4 last:border-transparent"
      >
        <a
          class="chakra-link w-full css-spn4bz"
          data-testid="request-card"
          href="/institucion/medico/35000000"
        >
          <div
            class="flex flex-row items-center justify-between"
          >
            <div
              class="flex flex-col items-start gap-1"
            >
              <b
                class="chakra-text css-qqfgvy"
              >
                José Pérez
              </b>
              <p
                class="chakra-text css-0"
              >
                C.I: 35000000, Dermatología médico-quirúrgica y venereología, Medicina espacial, Endocrinología y nutrición.
              </p>
            </div>
            <div />
          </div>
        </a>
      </div>
      <div
        class="border-b border-black py-4 last:border-transparent"
      >
        <a
          class="chakra-link w-full css-spn4bz"
          data-testid="request-card"
          href="/institucion/medico/36000000"
        >
          <div
            class="flex flex-row items-center justify-between"
          >
            <div
              class="flex flex-col items-start gap-1"
            >
              <b
                class="chakra-text css-qqfgvy"
              >
                José Pérez
              </b>
              <p
                class="chakra-text css-0"
              >
                C.I: 36000000, Obstetricia y ginecología, Medicina espacial, Endocrinología y nutrición.
              </p>
            </div>
            <div />
          </div>
        </a>
      </div>
      <div
        class="border-b border-black py-4 last:border-transparent"
      >
        <a
          class="chakra-link w-full css-spn4bz"
          data-testid="request-card"
          href="/institucion/medico/37000000"
        >
          <div
            class="flex flex-row items-center justify-between"
          >
            <div
              class="flex flex-col items-start gap-1"
            >
              <b
                class="chakra-text css-qqfgvy"
              >
                José Pérez
              </b>
              <p
                class="chakra-text css-0"
              >
                C.I: 37000000, Oftalmología, Medicina espacial, Endocrinología y nutrición.
              </p>
            </div>
            <div />
          </div>
        </a>
      </div>
      <div
        class="border-b border-black py-4 last:border-transparent"
      >
        <a
          class="chakra-link w-full css-spn4bz"
          data-testid="request-card"
          href="/institucion/medico/38000000"
        >
          <div
            class="flex flex-row items-center justify-between"
          >
            <div
              class="flex flex-col items-start gap-1"
            >
              <b
                class="chakra-text css-qqfgvy"
              >
                José Pérez
              </b>
              <p
                class="chakra-text css-0"
              >
                C.I: 38000000, Otorrinolaringología, Medicina espacial, Endocrinología y nutrición.
              </p>
            </div>
            <div />
          </div>
        </a>
      </div>
      <div
        class="border-b border-black py-4 last:border-transparent"
      >
        <a
          class="chakra-link w-full css-spn4bz"
          data-testid="request-card"
          href="/institucion/medico/39000000"
        >
          <div
            class="flex flex-row items-center justify-between"
          >
            <div
              class="flex flex-col items-start gap-1"
            >
              <b
                class="chakra-text css-qqfgvy"
              >
                José Pérez
              </b>
              <p
                class="chakra-text css-0"
              >
                C.I: 39000000, Urología, Medicina espacial, Endocrinología y nutrición.
              </p>
            </div>
            <div />
          </div>
        </a>
      </div>
      <div
        class="border-b border-black py-4 last:border-transparent"
      >
        <a
          class="chakra-link w-full css-spn4bz"
          data-testid="request-card"
          href="/institucion/medico/40000000"
        >
          <div
            class="flex flex-row items-center justify-between"
          >
            <div
              class="flex flex-col items-start gap-1"
            >
              <b
                class="chakra-text css-qqfgvy"
              >
                José Pérez
              </b>
              <p
                class="chakra-text css-0"
              >
                C.I: 40000000, Análisis clínicos, Medicina espacial, Endocrinología y nutrición.
              </p>
            </div>
            <div />
          </div>
        </a>
      </div>
      <div
        class="border-b border-black py-4 last:border-transparent"
      >
        <a
          class="chakra-link w-full css-spn4bz"
          data-testid="request-card"
          href="/institucion/medico/41000000"
        >
          <div
            class="flex flex-row items-center justify-between"
          >
            <div
              class="flex flex-col items-start gap-1"
            >
              <b
                class="chakra-text css-qqfgvy"
              >
                José Pérez
              </b>
              <p
                class="chakra-text css-0"
              >
                C.I: 41000000, Anatomía patológica, Medicina espacial, Endocrinología y nutrición.
              </p>
            </div>
            <div />
          </div>
        </a>
      </div>
      <div
        class="border-b border-black py-4 last:border-transparent"
      >
        <a
          class="chakra-link w-full css-spn4bz"
          data-testid="request-card"
          href="/institucion/medico/42000000"
        >
          <div
            class="flex flex-row items-center justify-between"
          >
            <div
              class="flex flex-col items-start gap-1"
            >
              <b
                class="chakra-text css-qqfgvy"
              >
                José Pérez
              </b>
              <p
                class="chakra-text css-0"
              >
                C.I: 42000000, Bioquímica clínica, Medicina espacial, Endocrinología y nutrición.
              </p>
            </div>
            <div />
          </div>
        </a>
      </div>
      <div
        class="border-b border-black py-4 last:border-transparent"
      >
        <a
          class="chakra-link w-full css-spn4bz"
          data-testid="request-card"
          href="/institucion/medico/43000000"
        >
          <div
            class="flex flex-row items-center justify-between"
          >
            <div
              class="flex flex-col items-start gap-1"
            >
              <b
                class="chakra-text css-qqfgvy"
              >
                José Pérez
              </b>
              <p
                class="chakra-text css-0"
              >
                C.I: 43000000, Farmacología clínica, Medicina espacial, Endocrinología y nutrición.
              </p>
            </div>
            <div />
          </div>
        </a>
      </div>
      <div
        class="border-b border-black py-4 last:border-transparent"
      >
        <a
          class="chakra-link w-full css-spn4bz"
          data-testid="request-card"
          href="/institucion/medico/44000000"
        >
          <div
            class="flex flex-row items-center justify-between"
          >
            <div
              class="flex flex-col items-start gap-1"
            >
              <b
                class="chakra-text css-qqfgvy"
              >
                José Pérez
              </b>
              <p
                class="chakra-text css-0"
              >
                C.I: 44000000, Inmunología, Medicina espacial, Endocrinología y nutrición.
              </p>
            </div>
            <div />
          </div>
        </a>
      </div>
      <div
        class="border-b border-black py-4 last:border-transparent"
      >
        <a
          class="chakra-link w-full css-spn4bz"
          data-testid="request-card"
          href="/institucion/medico/45000000"
        >
          <div
            class="flex flex-row items-center justify-between"
          >
            <div
              class="flex flex-col items-start gap-1"
            >
              <b
                class="chakra-text css-qqfgvy"
              >
                José Pérez
              </b>
              <p
                class="chakra-text css-0"
              >
                C.I: 45000000, Medicina nuclear, Medicina espacial, Endocrinología y nutrición.
              </p>
            </div>
            <div />
          </div>
        </a>
      </div>
      <div
        class="border-b border-black py-4 last:border-transparent"
      >
        <a
          class="chakra-link w-full css-spn4bz"
          data-testid="request-card"
          href="/institucion/medico/46000000"
        >
          <div
            class="flex flex-row items-center justify-between"
          >
            <div
              class="flex flex-col items-start gap-1"
            >
              <b
                class="chakra-text css-qqfgvy"
              >
                José Pérez
              </b>
              <p
                class="chakra-text css-0"
              >
                C.I: 46000000, Microbiología y parasitología, Medicina espacial, Endocrinología y nutrición.
              </p>
            </div>
            <div />
          </div>
        </a>
      </div>
      <div
        class="border-b border-black py-4 last:border-transparent"
      >
        <a
          class="chakra-link w-full css-spn4bz"
          data-testid="request-card"
          href="/institucion/medico/47000000"
        >
          <div
            class="flex flex-row items-center justify-between"
          >
            <div
              class="flex flex-col items-start gap-1"
            >
              <b
                class="chakra-text css-qqfgvy"
              >
                José Pérez
              </b>
              <p
                class="chakra-text css-0"
              >
                C.I: 47000000, Neurofisiología clínica, Medicina espacial, Endocrinología y nutrición.
              </p>
            </div>
            <div />
          </div>
        </a>
      </div>
      <div
        class="border-b border-black py-4 last:border-transparent"
      >
        <a
          class="chakra-link w-full css-spn4bz"
          data-testid="request-card"
          href="/institucion/medico/48000000"
        >
          <div
            class="flex flex-row items-center justify-between"
          >
            <div
              class="flex flex-col items-start gap-1"
            >
              <b
                class="chakra-text css-qqfgvy"
              >
                José Pérez
              </b>
              <p
                class="chakra-text css-0"
              >
                C.I: 48000000, Radiodiagnóstico, Medicina espacial, Endocrinología y nutrición.
              </p>
            </div>
            <div />
          </div>
        </a>
      </div>
    </ul>
  </div>
</div>
`
