// Jest Snapshot v1, https://goo.gl/fbAQLP

exports[`Organisms > Search > SpecialitySearch test Matches the snapshot 1`] = `
<div
  class="relative mx-auto block h-screen w-screen overflow-hidden px-8 lg:w-1/2 pt-8"
  data-testid="speciality-search"
>
  <div
    class="mb-8 flex flex-row items-center gap-4"
  >
    <div
      class="w-full"
      data-testid="search-input-component"
    >
      <div
        class="chakra-input__group css-1y0e7gb"
        data-group="true"
      >
        <div
          class="chakra-input__left-element css-gv1iwz"
        >
          <svg
            class="chakra-icon css-13izzit"
            focusable="false"
            viewBox="0 0 24 24"
          >
            <path
              d="M23.384,21.619,16.855,15.09a9.284,9.284,0,1,0-1.768,1.768l6.529,6.529a1.266,1.266,0,0,0,1.768,0A1.251,1.251,0,0,0,23.384,21.619ZM2.75,9.5a6.75,6.75,0,1,1,6.75,6.75A6.758,6.758,0,0,1,2.75,9.5Z"
              fill="currentColor"
            />
          </svg>
        </div>
        <input
          class="chakra-input min-h-10 css-qluo93"
          placeholder="ingresar criterio"
        />
      </div>
    </div>
    <a
      class="chakra-link css-spn4bz"
      href=""
    >
      Cancelar
    </a>
  </div>
  <div
    class="w-full overflow-x-scroll"
  >
    <div
      class="chakra-stack w-max css-hrntqi"
    />
  </div>
  <h2
    class="chakra-heading mb-4 css-o8iskg"
  >
    27 resultados
  </h2>
  <div
    class="h-3/4 overflow-scroll"
  >
    <div
      class="block"
    >
      <p
        class="chakra-text css-0"
      >
        Evoluciones
      </p>
      <ul
        class="h-full css-1xa84ef"
        data-testid="evolutions-list"
        role="list"
      >
        <div
          class="border-b border-black last:border-transparent"
        >
          <a
            class="chakra-link w-full css-ofs0kf"
            data-testid="evolution-card"
            href="/evolucion/undefined/1"
          >
            <div
              class="mb-1 flex flex-row items-center justify-between"
            >
              <div
                class="flex flex-col items-start gap-1"
              >
                <b
                  class="chakra-text css-qqfgvy"
                >
                  Evolución 1: 17, septiembre 2024
                </b>
                <div
                  class="flex flex-col items-start gap-1"
                >
                  <p
                    class="chakra-text css-0"
                  >
                    Editado por: Pedro Pérez
                  </p>
                  <p
                    class="chakra-text css-0"
                  >
                    Patología: Dolor
                  </p>
                </div>
              </div>
              <div />
            </div>
          </a>
        </div>
        <div
          class="border-b border-black last:border-transparent"
        >
          <a
            class="chakra-link w-full css-ofs0kf"
            data-testid="evolution-card"
            href="/evolucion/undefined/2"
          >
            <div
              class="mb-1 flex flex-row items-center justify-between"
            >
              <div
                class="flex flex-col items-start gap-1"
              >
                <b
                  class="chakra-text css-qqfgvy"
                >
                  Evolución 2: 17, septiembre 2024
                </b>
                <div
                  class="flex flex-col items-start gap-1"
                >
                  <p
                    class="chakra-text css-0"
                  >
                    Editado por: Pedro Pérez
                  </p>
                  <p
                    class="chakra-text css-0"
                  >
                    Patología: Dolor
                  </p>
                </div>
              </div>
              <div />
            </div>
          </a>
        </div>
        <div
          class="border-b border-black last:border-transparent"
        >
          <a
            class="chakra-link w-full css-ofs0kf"
            data-testid="evolution-card"
            href="/evolucion/undefined/3"
          >
            <div
              class="mb-1 flex flex-row items-center justify-between"
            >
              <div
                class="flex flex-col items-start gap-1"
              >
                <b
                  class="chakra-text css-qqfgvy"
                >
                  Evolución 3: 17, septiembre 2024
                </b>
                <div
                  class="flex flex-col items-start gap-1"
                >
                  <p
                    class="chakra-text css-0"
                  >
                    Editado por: Pedro Pérez
                  </p>
                  <p
                    class="chakra-text css-0"
                  >
                    Patología: Dolor
                  </p>
                </div>
              </div>
              <div />
            </div>
          </a>
        </div>
        <div
          class="border-b border-black last:border-transparent"
        >
          <a
            class="chakra-link w-full css-ofs0kf"
            data-testid="evolution-card"
            href="/evolucion/undefined/4"
          >
            <div
              class="mb-1 flex flex-row items-center justify-between"
            >
              <div
                class="flex flex-col items-start gap-1"
              >
                <b
                  class="chakra-text css-qqfgvy"
                >
                  Evolución 4: 17, septiembre 1997
                </b>
                <div
                  class="flex flex-col items-start gap-1"
                >
                  <p
                    class="chakra-text css-0"
                  >
                    Editado por: Pedro Pérez
                  </p>
                  <p
                    class="chakra-text css-0"
                  >
                    Patología: Dolor
                  </p>
                </div>
              </div>
              <div />
            </div>
          </a>
        </div>
        <div
          class="border-b border-black last:border-transparent"
        >
          <a
            class="chakra-link w-full css-ofs0kf"
            data-testid="evolution-card"
            href="/evolucion/undefined/5"
          >
            <div
              class="mb-1 flex flex-row items-center justify-between"
            >
              <div
                class="flex flex-col items-start gap-1"
              >
                <b
                  class="chakra-text css-qqfgvy"
                >
                  Evolución 5: 17, septiembre 1997
                </b>
                <div
                  class="flex flex-col items-start gap-1"
                >
                  <p
                    class="chakra-text css-0"
                  >
                    Editado por: Pedro Pérez
                  </p>
                  <p
                    class="chakra-text css-0"
                  >
                    Patología: Dolor
                  </p>
                </div>
              </div>
              <div />
            </div>
          </a>
        </div>
        <div
          class="border-b border-black last:border-transparent"
        >
          <a
            class="chakra-link w-full css-ofs0kf"
            data-testid="evolution-card"
            href="/evolucion/undefined/6"
          >
            <div
              class="mb-1 flex flex-row items-center justify-between"
            >
              <div
                class="flex flex-col items-start gap-1"
              >
                <b
                  class="chakra-text css-qqfgvy"
                >
                  Evolución 6: 17, septiembre 1997
                </b>
                <div
                  class="flex flex-col items-start gap-1"
                >
                  <p
                    class="chakra-text css-0"
                  >
                    Editado por: Pedro Pérez
                  </p>
                  <p
                    class="chakra-text css-0"
                  >
                    Patología: Dolor
                  </p>
                </div>
              </div>
              <div />
            </div>
          </a>
        </div>
        <div
          class="border-b border-black last:border-transparent"
        >
          <a
            class="chakra-link w-full css-ofs0kf"
            data-testid="evolution-card"
            href="/evolucion/undefined/7"
          >
            <div
              class="mb-1 flex flex-row items-center justify-between"
            >
              <div
                class="flex flex-col items-start gap-1"
              >
                <b
                  class="chakra-text css-qqfgvy"
                >
                  Evolución 7: 17, septiembre 1997
                </b>
                <div
                  class="flex flex-col items-start gap-1"
                >
                  <p
                    class="chakra-text css-0"
                  >
                    Editado por: Pedro Pérez
                  </p>
                  <p
                    class="chakra-text css-0"
                  >
                    Patología: Dolor
                  </p>
                </div>
              </div>
              <div />
            </div>
          </a>
        </div>
        <div
          class="border-b border-black last:border-transparent"
        >
          <a
            class="chakra-link w-full css-ofs0kf"
            data-testid="evolution-card"
            href="/evolucion/undefined/8"
          >
            <div
              class="mb-1 flex flex-row items-center justify-between"
            >
              <div
                class="flex flex-col items-start gap-1"
              >
                <b
                  class="chakra-text css-qqfgvy"
                >
                  Evolución 8: 17, septiembre 1997
                </b>
                <div
                  class="flex flex-col items-start gap-1"
                >
                  <p
                    class="chakra-text css-0"
                  >
                    Editado por: Pedro Pérez
                  </p>
                  <p
                    class="chakra-text css-0"
                  >
                    Patología: Dolor
                  </p>
                </div>
              </div>
              <div />
            </div>
          </a>
        </div>
        <div
          class="border-b border-black last:border-transparent"
        >
          <a
            class="chakra-link w-full css-ofs0kf"
            data-testid="evolution-card"
            href="/evolucion/undefined/9"
          >
            <div
              class="mb-1 flex flex-row items-center justify-between"
            >
              <div
                class="flex flex-col items-start gap-1"
              >
                <b
                  class="chakra-text css-qqfgvy"
                >
                  Evolución 9: 17, septiembre 1997
                </b>
                <div
                  class="flex flex-col items-start gap-1"
                >
                  <p
                    class="chakra-text css-0"
                  >
                    Editado por: Pedro Pérez
                  </p>
                  <p
                    class="chakra-text css-0"
                  >
                    Patología: Dolor
                  </p>
                </div>
              </div>
              <div />
            </div>
          </a>
        </div>
      </ul>
    </div>
    <div
      class="block"
    >
      <p
        class="chakra-text css-0"
      >
        Ordenes
      </p>
      <ul
        class="h-full css-1xa84ef"
        data-testid="evolutions-list"
        role="list"
      >
        <div
          class="border-b border-black last:border-transparent"
        >
          <a
            class="chakra-link w-full css-ofs0kf"
            data-testid="evolution-card"
            href="/orden/undefined/1"
          >
            <div
              class="mb-1 flex flex-row items-center justify-between"
            >
              <div
                class="flex flex-col items-start gap-1"
              >
                <b
                  class="chakra-text css-qqfgvy"
                >
                  Orden 1
                </b>
                <div
                  class="flex flex-col items-start gap-1"
                >
                  <p
                    class="chakra-text css-0"
                  >
                    17, septiembre 1997
                  </p>
                  <p
                    class="chakra-text css-0"
                  >
                    Agregado por: Pedro Pérez
                  </p>
                </div>
              </div>
              <div />
            </div>
          </a>
        </div>
        <div
          class="border-b border-black last:border-transparent"
        >
          <a
            class="chakra-link w-full css-ofs0kf"
            data-testid="evolution-card"
            href="/orden/undefined/2"
          >
            <div
              class="mb-1 flex flex-row items-center justify-between"
            >
              <div
                class="flex flex-col items-start gap-1"
              >
                <b
                  class="chakra-text css-qqfgvy"
                >
                  Orden 2
                </b>
                <div
                  class="flex flex-col items-start gap-1"
                >
                  <p
                    class="chakra-text css-0"
                  >
                    17, septiembre 1997
                  </p>
                  <p
                    class="chakra-text css-0"
                  >
                    Agregado por: Pedro Pérez
                  </p>
                </div>
              </div>
              <div />
            </div>
          </a>
        </div>
        <div
          class="border-b border-black last:border-transparent"
        >
          <a
            class="chakra-link w-full css-ofs0kf"
            data-testid="evolution-card"
            href="/orden/undefined/3"
          >
            <div
              class="mb-1 flex flex-row items-center justify-between"
            >
              <div
                class="flex flex-col items-start gap-1"
              >
                <b
                  class="chakra-text css-qqfgvy"
                >
                  Orden 3
                </b>
                <div
                  class="flex flex-col items-start gap-1"
                >
                  <p
                    class="chakra-text css-0"
                  >
                    17, septiembre 1997
                  </p>
                  <p
                    class="chakra-text css-0"
                  >
                    Agregado por: Pedro Pérez
                  </p>
                </div>
              </div>
              <div />
            </div>
          </a>
        </div>
        <div
          class="border-b border-black last:border-transparent"
        >
          <a
            class="chakra-link w-full css-ofs0kf"
            data-testid="evolution-card"
            href="/orden/undefined/4"
          >
            <div
              class="mb-1 flex flex-row items-center justify-between"
            >
              <div
                class="flex flex-col items-start gap-1"
              >
                <b
                  class="chakra-text css-qqfgvy"
                >
                  Orden 4
                </b>
                <div
                  class="flex flex-col items-start gap-1"
                >
                  <p
                    class="chakra-text css-0"
                  >
                    17, septiembre 1997
                  </p>
                  <p
                    class="chakra-text css-0"
                  >
                    Agregado por: Pedro Pérez
                  </p>
                </div>
              </div>
              <div />
            </div>
          </a>
        </div>
        <div
          class="border-b border-black last:border-transparent"
        >
          <a
            class="chakra-link w-full css-ofs0kf"
            data-testid="evolution-card"
            href="/orden/undefined/5"
          >
            <div
              class="mb-1 flex flex-row items-center justify-between"
            >
              <div
                class="flex flex-col items-start gap-1"
              >
                <b
                  class="chakra-text css-qqfgvy"
                >
                  Orden 5
                </b>
                <div
                  class="flex flex-col items-start gap-1"
                >
                  <p
                    class="chakra-text css-0"
                  >
                    17, septiembre 1997
                  </p>
                  <p
                    class="chakra-text css-0"
                  >
                    Agregado por: Pedro Pérez
                  </p>
                </div>
              </div>
              <div />
            </div>
          </a>
        </div>
        <div
          class="border-b border-black last:border-transparent"
        >
          <a
            class="chakra-link w-full css-ofs0kf"
            data-testid="evolution-card"
            href="/orden/undefined/6"
          >
            <div
              class="mb-1 flex flex-row items-center justify-between"
            >
              <div
                class="flex flex-col items-start gap-1"
              >
                <b
                  class="chakra-text css-qqfgvy"
                >
                  Orden 6
                </b>
                <div
                  class="flex flex-col items-start gap-1"
                >
                  <p
                    class="chakra-text css-0"
                  >
                    17, septiembre 1997
                  </p>
                  <p
                    class="chakra-text css-0"
                  >
                    Agregado por: Pedro Pérez
                  </p>
                </div>
              </div>
              <div />
            </div>
          </a>
        </div>
        <div
          class="border-b border-black last:border-transparent"
        >
          <a
            class="chakra-link w-full css-ofs0kf"
            data-testid="evolution-card"
            href="/orden/undefined/7"
          >
            <div
              class="mb-1 flex flex-row items-center justify-between"
            >
              <div
                class="flex flex-col items-start gap-1"
              >
                <b
                  class="chakra-text css-qqfgvy"
                >
                  Orden 7
                </b>
                <div
                  class="flex flex-col items-start gap-1"
                >
                  <p
                    class="chakra-text css-0"
                  >
                    17, septiembre 1997
                  </p>
                  <p
                    class="chakra-text css-0"
                  >
                    Agregado por: Pedro Pérez
                  </p>
                </div>
              </div>
              <div />
            </div>
          </a>
        </div>
        <div
          class="border-b border-black last:border-transparent"
        >
          <a
            class="chakra-link w-full css-ofs0kf"
            data-testid="evolution-card"
            href="/orden/undefined/8"
          >
            <div
              class="mb-1 flex flex-row items-center justify-between"
            >
              <div
                class="flex flex-col items-start gap-1"
              >
                <b
                  class="chakra-text css-qqfgvy"
                >
                  Orden 8
                </b>
                <div
                  class="flex flex-col items-start gap-1"
                >
                  <p
                    class="chakra-text css-0"
                  >
                    17, septiembre 1997
                  </p>
                  <p
                    class="chakra-text css-0"
                  >
                    Agregado por: Pedro Pérez
                  </p>
                </div>
              </div>
              <div />
            </div>
          </a>
        </div>
        <div
          class="border-b border-black last:border-transparent"
        >
          <a
            class="chakra-link w-full css-ofs0kf"
            data-testid="evolution-card"
            href="/orden/undefined/9"
          >
            <div
              class="mb-1 flex flex-row items-center justify-between"
            >
              <div
                class="flex flex-col items-start gap-1"
              >
                <b
                  class="chakra-text css-qqfgvy"
                >
                  Orden 9
                </b>
                <div
                  class="flex flex-col items-start gap-1"
                >
                  <p
                    class="chakra-text css-0"
                  >
                    17, septiembre 1997
                  </p>
                  <p
                    class="chakra-text css-0"
                  >
                    Agregado por: Pedro Pérez
                  </p>
                </div>
              </div>
              <div />
            </div>
          </a>
        </div>
      </ul>
    </div>
    <div
      class="block"
    >
      <p
        class="chakra-text css-0"
      >
        Análisis
      </p>
      <ul
        class="h-full css-1xa84ef"
        data-testid="evolutions-list"
        role="list"
      >
        <div
          class="border-b border-black last:border-transparent"
        >
          <a
            class="chakra-link w-full css-ofs0kf"
            data-testid="evolution-card"
            href="/analisis/undefined/1"
          >
            <div
              class="mb-1 flex flex-row items-center justify-between"
            >
              <div
                class="flex flex-col items-start gap-1"
              >
                <b
                  class="chakra-text css-qqfgvy"
                >
                  Análisis 1
                </b>
                <div
                  class="flex flex-col items-start gap-1"
                >
                  <p
                    class="chakra-text css-0"
                  >
                    17, septiembre 1997
                  </p>
                  <p
                    class="chakra-text css-0"
                  >
                    Agregado por: Pedro Pérez
                  </p>
                </div>
              </div>
              <div />
            </div>
          </a>
        </div>
        <div
          class="border-b border-black last:border-transparent"
        >
          <a
            class="chakra-link w-full css-ofs0kf"
            data-testid="evolution-card"
            href="/analisis/undefined/2"
          >
            <div
              class="mb-1 flex flex-row items-center justify-between"
            >
              <div
                class="flex flex-col items-start gap-1"
              >
                <b
                  class="chakra-text css-qqfgvy"
                >
                  Análisis 2
                </b>
                <div
                  class="flex flex-col items-start gap-1"
                >
                  <p
                    class="chakra-text css-0"
                  >
                    17, septiembre 1997
                  </p>
                  <p
                    class="chakra-text css-0"
                  >
                    Agregado por: Pedro Pérez
                  </p>
                </div>
              </div>
              <div />
            </div>
          </a>
        </div>
        <div
          class="border-b border-black last:border-transparent"
        >
          <a
            class="chakra-link w-full css-ofs0kf"
            data-testid="evolution-card"
            href="/analisis/undefined/3"
          >
            <div
              class="mb-1 flex flex-row items-center justify-between"
            >
              <div
                class="flex flex-col items-start gap-1"
              >
                <b
                  class="chakra-text css-qqfgvy"
                >
                  Análisis 3
                </b>
                <div
                  class="flex flex-col items-start gap-1"
                >
                  <p
                    class="chakra-text css-0"
                  >
                    17, septiembre 1997
                  </p>
                  <p
                    class="chakra-text css-0"
                  >
                    Agregado por: Pedro Pérez
                  </p>
                </div>
              </div>
              <div />
            </div>
          </a>
        </div>
        <div
          class="border-b border-black last:border-transparent"
        >
          <a
            class="chakra-link w-full css-ofs0kf"
            data-testid="evolution-card"
            href="/analisis/undefined/4"
          >
            <div
              class="mb-1 flex flex-row items-center justify-between"
            >
              <div
                class="flex flex-col items-start gap-1"
              >
                <b
                  class="chakra-text css-qqfgvy"
                >
                  Análisis 4
                </b>
                <div
                  class="flex flex-col items-start gap-1"
                >
                  <p
                    class="chakra-text css-0"
                  >
                    17, septiembre 1997
                  </p>
                  <p
                    class="chakra-text css-0"
                  >
                    Agregado por: Pedro Pérez
                  </p>
                </div>
              </div>
              <div />
            </div>
          </a>
        </div>
        <div
          class="border-b border-black last:border-transparent"
        >
          <a
            class="chakra-link w-full css-ofs0kf"
            data-testid="evolution-card"
            href="/analisis/undefined/5"
          >
            <div
              class="mb-1 flex flex-row items-center justify-between"
            >
              <div
                class="flex flex-col items-start gap-1"
              >
                <b
                  class="chakra-text css-qqfgvy"
                >
                  Análisis 5
                </b>
                <div
                  class="flex flex-col items-start gap-1"
                >
                  <p
                    class="chakra-text css-0"
                  >
                    17, septiembre 1997
                  </p>
                  <p
                    class="chakra-text css-0"
                  >
                    Agregado por: Pedro Pérez
                  </p>
                </div>
              </div>
              <div />
            </div>
          </a>
        </div>
        <div
          class="border-b border-black last:border-transparent"
        >
          <a
            class="chakra-link w-full css-ofs0kf"
            data-testid="evolution-card"
            href="/analisis/undefined/6"
          >
            <div
              class="mb-1 flex flex-row items-center justify-between"
            >
              <div
                class="flex flex-col items-start gap-1"
              >
                <b
                  class="chakra-text css-qqfgvy"
                >
                  Análisis 6
                </b>
                <div
                  class="flex flex-col items-start gap-1"
                >
                  <p
                    class="chakra-text css-0"
                  >
                    17, septiembre 1997
                  </p>
                  <p
                    class="chakra-text css-0"
                  >
                    Agregado por: Pedro Pérez
                  </p>
                </div>
              </div>
              <div />
            </div>
          </a>
        </div>
        <div
          class="border-b border-black last:border-transparent"
        >
          <a
            class="chakra-link w-full css-ofs0kf"
            data-testid="evolution-card"
            href="/analisis/undefined/7"
          >
            <div
              class="mb-1 flex flex-row items-center justify-between"
            >
              <div
                class="flex flex-col items-start gap-1"
              >
                <b
                  class="chakra-text css-qqfgvy"
                >
                  Análisis 7
                </b>
                <div
                  class="flex flex-col items-start gap-1"
                >
                  <p
                    class="chakra-text css-0"
                  >
                    17, septiembre 1997
                  </p>
                  <p
                    class="chakra-text css-0"
                  >
                    Agregado por: Pedro Pérez
                  </p>
                </div>
              </div>
              <div />
            </div>
          </a>
        </div>
        <div
          class="border-b border-black last:border-transparent"
        >
          <a
            class="chakra-link w-full css-ofs0kf"
            data-testid="evolution-card"
            href="/analisis/undefined/8"
          >
            <div
              class="mb-1 flex flex-row items-center justify-between"
            >
              <div
                class="flex flex-col items-start gap-1"
              >
                <b
                  class="chakra-text css-qqfgvy"
                >
                  Análisis 8
                </b>
                <div
                  class="flex flex-col items-start gap-1"
                >
                  <p
                    class="chakra-text css-0"
                  >
                    17, septiembre 1997
                  </p>
                  <p
                    class="chakra-text css-0"
                  >
                    Agregado por: Pedro Pérez
                  </p>
                </div>
              </div>
              <div />
            </div>
          </a>
        </div>
        <div
          class="border-b border-black last:border-transparent"
        >
          <a
            class="chakra-link w-full css-ofs0kf"
            data-testid="evolution-card"
            href="/analisis/undefined/9"
          >
            <div
              class="mb-1 flex flex-row items-center justify-between"
            >
              <div
                class="flex flex-col items-start gap-1"
              >
                <b
                  class="chakra-text css-qqfgvy"
                >
                  Análisis 9
                </b>
                <div
                  class="flex flex-col items-start gap-1"
                >
                  <p
                    class="chakra-text css-0"
                  >
                    17, septiembre 1997
                  </p>
                  <p
                    class="chakra-text css-0"
                  >
                    Agregado por: Pedro Pérez
                  </p>
                </div>
              </div>
              <div />
            </div>
          </a>
        </div>
      </ul>
    </div>
  </div>
  <div
    class="absolute bottom-16 w-full pr-16"
  >
    <button
      class="chakra-button w-full gap-2 css-ez23ye"
      type="button"
    >
      <div />
       Filtros
    </button>
  </div>
</div>
`
