// Jest Snapshot v1, https://goo.gl/fbAQLP

exports[`Organisms > Search > PatientsSearch test Matches the snapshot 1`] = `
<div
  class="relative mx-auto block h-screen w-screen overflow-hidden px-8 lg:w-1/2 pt-8"
  data-testid="patients-search"
>
  <div
    class="mb-8 flex flex-row items-center"
  >
    <div
      class="mr-4 w-full"
      data-testid="search-input-component"
    >
      <div
        class="chakra-input__group css-1y0e7gb"
        data-group="true"
      >
        <div
          class="chakra-input__left-element css-gv1iwz"
        >
          <svg
            class="chakra-icon css-13izzit"
            focusable="false"
            viewBox="0 0 24 24"
          >
            <path
              d="M23.384,21.619,16.855,15.09a9.284,9.284,0,1,0-1.768,1.768l6.529,6.529a1.266,1.266,0,0,0,1.768,0A1.251,1.251,0,0,0,23.384,21.619ZM2.75,9.5a6.75,6.75,0,1,1,6.75,6.75A6.758,6.758,0,0,1,2.75,9.5Z"
              fill="currentColor"
            />
          </svg>
        </div>
        <input
          class="chakra-input min-h-10 css-qluo93"
          placeholder="Buscar paciente"
        />
      </div>
    </div>
    <a
      class="chakra-link css-spn4bz"
      href="/pacientes"
    >
      Cancelar
    </a>
  </div>
  <div
    class="w-full overflow-x-scroll"
  >
    <div
      class="chakra-stack w-max css-hrntqi"
    />
  </div>
  <div
    class="h-3/4 overflow-scroll"
  >
    <div
      class="chakra-stack h-full css-8g8ihq"
      data-testid="patients-list"
    >
      <h2
        class="chakra-heading mb-4 css-9f6g39"
      >
        11 resultados
      </h2>
      <div
        class="overflow-auto"
      >
        <ul
          class="css-155za0w"
          role="list"
        >
          <div
            class="border-b border-black py-4 last:border-transparent"
          >
            <a
              class="chakra-link w-full css-spn4bz"
              data-testid="patient-card"
              href="/especialidades/E99885563"
            >
              <div
                class="flex flex-row items-center justify-between"
              >
                <div
                  class="flex flex-col items-start gap-1"
                >
                  <b
                    class="chakra-text css-qqfgvy"
                  >
                    Josefa Feliciana Gutierrez García
                  </b>
                  <p
                    class="chakra-text css-0"
                  >
                    C.I: E99885563, 27 años, Cama: B-67
                  </p>
                </div>
                <span
                  class="css-1eveppl"
                >
                  <svg
                    class="chakra-icon chakra-icon css-vvjt0k"
                    focusable="false"
                    viewBox="0 0 24 24"
                  >
                    <path
                      d="M11.983,0a12.206,12.206,0,0,0-8.51,3.653A11.8,11.8,0,0,0,0,12.207,11.779,11.779,0,0,0,11.8,24h.214A12.111,12.111,0,0,0,24,11.791h0A11.766,11.766,0,0,0,11.983,0ZM10.5,16.542a1.476,1.476,0,0,1,1.449-1.53h.027a1.527,1.527,0,0,1,1.523,1.47,1.475,1.475,0,0,1-1.449,1.53h-.027A1.529,1.529,0,0,1,10.5,16.542ZM11,12.5v-6a1,1,0,0,1,2,0v6a1,1,0,1,1-2,0Z"
                      fill="currentColor"
                    />
                  </svg>
                  <span
                    class="css-1ny2kle"
                  >
                    hospitalizado
                  </span>
                </span>
                <div />
              </div>
            </a>
          </div>
          <div
            class="border-b border-black py-4 last:border-transparent"
          >
            <a
              class="chakra-link w-full css-spn4bz"
              data-testid="patient-card"
              href="/especialidades/E99885564"
            >
              <div
                class="flex flex-row items-center justify-between"
              >
                <div
                  class="flex flex-col items-start gap-1"
                >
                  <b
                    class="chakra-text css-qqfgvy"
                  >
                    José Feliciano Gutierrez García
                  </b>
                  <p
                    class="chakra-text css-0"
                  >
                    C.I: E99885564, 28 años, Cama: C-66
                  </p>
                </div>
                <span
                  class="css-1eveppl"
                >
                  <svg
                    class="chakra-icon chakra-icon css-vvjt0k"
                    focusable="false"
                    viewBox="0 0 24 24"
                  >
                    <path
                      d="M11.983,0a12.206,12.206,0,0,0-8.51,3.653A11.8,11.8,0,0,0,0,12.207,11.779,11.779,0,0,0,11.8,24h.214A12.111,12.111,0,0,0,24,11.791h0A11.766,11.766,0,0,0,11.983,0ZM10.5,16.542a1.476,1.476,0,0,1,1.449-1.53h.027a1.527,1.527,0,0,1,1.523,1.47,1.475,1.475,0,0,1-1.449,1.53h-.027A1.529,1.529,0,0,1,10.5,16.542ZM11,12.5v-6a1,1,0,0,1,2,0v6a1,1,0,1,1-2,0Z"
                      fill="currentColor"
                    />
                  </svg>
                  <span
                    class="css-1ny2kle"
                  >
                    hospitalizado
                  </span>
                </span>
                <div />
              </div>
            </a>
          </div>
          <div
            class="border-b border-black py-4 last:border-transparent"
          >
            <a
              class="chakra-link w-full css-spn4bz"
              data-testid="patient-card"
              href="/especialidades/E99885565"
            >
              <div
                class="flex flex-row items-center justify-between"
              >
                <div
                  class="flex flex-col items-start gap-1"
                >
                  <b
                    class="chakra-text css-qqfgvy"
                  >
                    Josefa Feliciana Gutierrez García
                  </b>
                  <p
                    class="chakra-text css-0"
                  >
                    C.I: E99885565, 29 años
                  </p>
                </div>
                <div />
              </div>
            </a>
          </div>
          <div
            class="border-b border-black py-4 last:border-transparent"
          >
            <a
              class="chakra-link w-full css-spn4bz"
              data-testid="patient-card"
              href="/especialidades/E99885566"
            >
              <div
                class="flex flex-row items-center justify-between"
              >
                <div
                  class="flex flex-col items-start gap-1"
                >
                  <b
                    class="chakra-text css-qqfgvy"
                  >
                    José Feliciano Gutierrez García
                  </b>
                  <p
                    class="chakra-text css-0"
                  >
                    C.I: E99885566, 30 años
                  </p>
                </div>
                <div />
              </div>
            </a>
          </div>
          <div
            class="border-b border-black py-4 last:border-transparent"
          >
            <a
              class="chakra-link w-full css-spn4bz"
              data-testid="patient-card"
              href="/especialidades/E99885567"
            >
              <div
                class="flex flex-row items-center justify-between"
              >
                <div
                  class="flex flex-col items-start gap-1"
                >
                  <b
                    class="chakra-text css-qqfgvy"
                  >
                    José Feliciano Gutierrez García
                  </b>
                  <p
                    class="chakra-text css-0"
                  >
                    C.I: E99885567, 31 años
                  </p>
                </div>
                <div />
              </div>
            </a>
          </div>
          <div
            class="border-b border-black py-4 last:border-transparent"
          >
            <a
              class="chakra-link w-full css-spn4bz"
              data-testid="patient-card"
              href="/especialidades/E99885568"
            >
              <div
                class="flex flex-row items-center justify-between"
              >
                <div
                  class="flex flex-col items-start gap-1"
                >
                  <b
                    class="chakra-text css-qqfgvy"
                  >
                    Josefa Feliciana Gutierrez García
                  </b>
                  <p
                    class="chakra-text css-0"
                  >
                    C.I: E99885568, 32 años
                  </p>
                </div>
                <div />
              </div>
            </a>
          </div>
          <div
            class="border-b border-black py-4 last:border-transparent"
          >
            <a
              class="chakra-link w-full css-spn4bz"
              data-testid="patient-card"
              href="/especialidades/E99885569"
            >
              <div
                class="flex flex-row items-center justify-between"
              >
                <div
                  class="flex flex-col items-start gap-1"
                >
                  <b
                    class="chakra-text css-qqfgvy"
                  >
                    José Feliciano Gutierrez García
                  </b>
                  <p
                    class="chakra-text css-0"
                  >
                    C.I: E99885569, 26 años
                  </p>
                </div>
                <div />
              </div>
            </a>
          </div>
          <div
            class="border-b border-black py-4 last:border-transparent"
          >
            <a
              class="chakra-link w-full css-spn4bz"
              data-testid="patient-card"
              href="/especialidades/E99885560"
            >
              <div
                class="flex flex-row items-center justify-between"
              >
                <div
                  class="flex flex-col items-start gap-1"
                >
                  <b
                    class="chakra-text css-qqfgvy"
                  >
                    Josefa Feliciana Gutierrez García
                  </b>
                  <p
                    class="chakra-text css-0"
                  >
                    C.I: E99885560, 26 años
                  </p>
                </div>
                <div />
              </div>
            </a>
          </div>
          <div
            class="border-b border-black py-4 last:border-transparent"
          >
            <a
              class="chakra-link w-full css-spn4bz"
              data-testid="patient-card"
              href="/especialidades/E99885511"
            >
              <div
                class="flex flex-row items-center justify-between"
              >
                <div
                  class="flex flex-col items-start gap-1"
                >
                  <b
                    class="chakra-text css-qqfgvy"
                  >
                    José Feliciano Gutierrez García
                  </b>
                  <p
                    class="chakra-text css-0"
                  >
                    C.I: E99885511, 26 años
                  </p>
                </div>
                <div />
              </div>
            </a>
          </div>
          <div
            class="border-b border-black py-4 last:border-transparent"
          >
            <a
              class="chakra-link w-full css-spn4bz"
              data-testid="patient-card"
              href="/especialidades/E99885512"
            >
              <div
                class="flex flex-row items-center justify-between"
              >
                <div
                  class="flex flex-col items-start gap-1"
                >
                  <b
                    class="chakra-text css-qqfgvy"
                  >
                    José Feliciano Gutierrez García
                  </b>
                  <p
                    class="chakra-text css-0"
                  >
                    C.I: E99885512, 26 años
                  </p>
                </div>
                <div />
              </div>
            </a>
          </div>
          <div
            class="border-b border-black py-4 last:border-transparent"
          >
            <a
              class="chakra-link w-full css-spn4bz"
              data-testid="patient-card"
              href="/especialidades/E99885513"
            >
              <div
                class="flex flex-row items-center justify-between"
              >
                <div
                  class="flex flex-col items-start gap-1"
                >
                  <b
                    class="chakra-text css-qqfgvy"
                  >
                    José Feliciano Gutierrez García
                  </b>
                  <p
                    class="chakra-text css-0"
                  >
                    C.I: E99885513, 26 años
                  </p>
                </div>
                <div />
              </div>
            </a>
          </div>
        </ul>
      </div>
    </div>
  </div>
  <div
    class="absolute bottom-16 w-full pr-16"
  >
    <button
      class="chakra-button w-full gap-2 css-ez23ye"
      type="button"
    >
      <div />
       Filtros
    </button>
  </div>
</div>
`
