// Jest Snapshot v1, https://goo.gl/fbAQLP

exports[`Molecules > Forms > AddEvolution test Matches the snapshot 1`] = `
<div
  class="flex h-screen w-screen flex-col overflow-hidden p-8 lg:px-96 pt-8"
  data-testid="add-evolution-form"
>
  <div
    class="mb-8 flex flex-row items-center justify-start gap-4"
  >
    <button
      aria-label="back"
      class="chakra-button css-84vx7q"
      type="button"
    >
      <svg
        aria-hidden="true"
        class="chakra-icon css-onkibi"
        focusable="false"
        viewBox="0 0 24 24"
      >
        <path
          d="M20 11H7.83l5.59-5.59L12 4l-8 8 8 8 1.41-1.41L7.83 13H20v-2z"
          fill="currentColor"
        />
      </svg>
    </button>
    <p
      class="chakra-text font-medium css-0"
    >
      Nueva evolución
    </p>
  </div>
  <form
    class="h-full w-full"
  >
    <div
      class="chakra-form-control relative flex h-full w-full flex-col justify-between css-1kxonj9"
      role="group"
    >
      <div
        class="chakra-stack h-5/6 overflow-scroll css-1811skr"
      >
        <div
          class=" css-b62m3t-container"
          id="type"
        >
          <span
            class="css-1f43avz-a11yText-A11yText"
            id="react-select-3-live-region"
          />
          <span
            aria-atomic="false"
            aria-live="polite"
            aria-relevant="additions text"
            class="css-1f43avz-a11yText-A11yText"
            role="log"
          />
          <div
            class=" css-13cymwt-control"
          >
            <div
              class=" css-1fdsijx-ValueContainer"
            >
              <div
                class=" css-1jqq78o-placeholder"
                id="react-select-3-placeholder"
              >
                Tipo
              </div>
              <div
                class=" css-qbdosj-Input"
                data-value=""
              >
                <input
                  aria-activedescendant=""
                  aria-autocomplete="list"
                  aria-describedby="react-select-3-placeholder"
                  aria-expanded="false"
                  aria-haspopup="true"
                  autocapitalize="none"
                  autocomplete="off"
                  autocorrect="off"
                  class=""
                  id="react-select-3-input"
                  role="combobox"
                  spellcheck="false"
                  style="opacity: 1; width: 100%; grid-area: 1 / 2; min-width: 2px; border: 0px; margin: 0px; outline: 0; padding: 0px;"
                  tabindex="0"
                  type="text"
                  value=""
                />
              </div>
            </div>
            <div
              class=" css-1hb7zxy-IndicatorsContainer"
            >
              <span
                class=" css-1u9des2-indicatorSeparator"
              />
              <div
                aria-hidden="true"
                class=" css-1xc3v61-indicatorContainer"
              >
                <svg
                  aria-hidden="true"
                  class="css-tj5bde-Svg"
                  focusable="false"
                  height="20"
                  viewBox="0 0 20 20"
                  width="20"
                >
                  <path
                    d="M4.516 7.548c0.436-0.446 1.043-0.481 1.576 0l3.908 3.747 3.908-3.747c0.533-0.481 1.141-0.446 1.574 0 0.436 0.445 0.408 1.197 0 1.615-0.406 0.418-4.695 4.502-4.695 4.502-0.217 0.223-0.502 0.335-0.787 0.335s-0.57-0.112-0.789-0.335c0 0-4.287-4.084-4.695-4.502s-0.436-1.17 0-1.615z"
                  />
                </svg>
              </div>
            </div>
          </div>
          <input
            name="type"
            type="hidden"
            value=""
          />
        </div>
        <input
          class="chakra-input min-h-10 css-1cjy4zv"
          id="reason"
          name="reason"
          placeholder="Patología"
        />
        <label
          class="-mb-2"
          for="description"
        >
          Descripción (Notas evolutivas)
        </label>
        <textarea
          class="chakra-textarea css-1msuebi"
          id="description"
          name="description"
        />
        <label
          class="-mb-2"
          for="history"
        >
          Antecedentes
        </label>
        <textarea
          class="chakra-textarea css-1msuebi"
          id="history"
          name="history"
        />
        <label
          class="-mb-2"
          for="examination"
        >
          Exámenes físicos
        </label>
        <textarea
          class="chakra-textarea css-1msuebi"
          id="examination"
          name="examination"
        />
        <label
          class="-mb-2"
          for="comments"
        >
          Comentarios
        </label>
        <textarea
          class="chakra-textarea css-1msuebi"
          id="comments"
          name="comments"
        />
      </div>
      <button
        class="chakra-button absolute bottom-12 css-ez23ye"
        type="submit"
      >
        Guardar
      </button>
    </div>
  </form>
</div>
`
