// Jest Snapshot v1, https://goo.gl/fbAQLP

exports[`Organisms > Specialties test Matches the snapshot 1`] = `
<div
  class="flex h-screen w-screen flex-col p-8 lg:px-96 pt-8"
  data-testid="specialty"
>
  <div
    class="mb-8 flex flex-row items-center justify-between"
  >
    <div
      class="flex flex-row items-center justify-start gap-4"
    >
      <button
        aria-label="back"
        class="chakra-button css-84vx7q"
        type="button"
      >
        <svg
          aria-hidden="true"
          class="chakra-icon css-onkibi"
          focusable="false"
          viewBox="0 0 24 24"
        >
          <path
            d="M20 11H7.83l5.59-5.59L12 4l-8 8 8 8 1.41-1.41L7.83 13H20v-2z"
            fill="currentColor"
          />
        </svg>
      </button>
      <p
        class="chakra-text font-medium css-0"
      >
        Alergología
      </p>
    </div>
    <span
      class="chakra-avatar css-xr1dqv"
    >
      <div
        aria-label="Alergología"
        class="chakra-avatar__initials css-1ebyn6"
        role="img"
      >
        A
      </div>
    </span>
  </div>
  <div
    class="mb-8 w-full"
    data-testid="search-input-component"
  >
    <div
      class="chakra-input__group css-1y0e7gb"
      data-group="true"
    >
      <div
        class="chakra-input__left-element css-gv1iwz"
      >
        <svg
          class="chakra-icon css-13izzit"
          focusable="false"
          viewBox="0 0 24 24"
        >
          <path
            d="M23.384,21.619,16.855,15.09a9.284,9.284,0,1,0-1.768,1.768l6.529,6.529a1.266,1.266,0,0,0,1.768,0A1.251,1.251,0,0,0,23.384,21.619ZM2.75,9.5a6.75,6.75,0,1,1,6.75,6.75A6.758,6.758,0,0,1,2.75,9.5Z"
            fill="currentColor"
          />
        </svg>
      </div>
      <input
        class="chakra-input min-h-10 css-qluo93"
        placeholder="Buscar"
      />
    </div>
  </div>
  <div
    class="chakra-tabs h-[80%] css-1xpribl"
  >
    <div
      aria-orientation="horizontal"
      class="chakra-tabs__tablist css-1uw5bnh"
      role="tablist"
    >
      <button
        aria-controls="tabs-:ra:--tabpanel-0"
        aria-disabled="false"
        aria-selected="true"
        class="chakra-tabs__tab css-1035tk2"
        data-index="0"
        id="tabs-:ra:--tab-0"
        role="tab"
        tabindex="0"
        type="button"
      >
        Evoluciones
      </button>
      <button
        aria-controls="tabs-:ra:--tabpanel-1"
        aria-disabled="false"
        aria-selected="false"
        class="chakra-tabs__tab css-1af0cf2"
        data-index="1"
        id="tabs-:ra:--tab-1"
        role="tab"
        tabindex="-1"
        type="button"
      >
        Ordenes médicas
      </button>
      <button
        aria-controls="tabs-:ra:--tabpanel-2"
        aria-disabled="false"
        aria-selected="false"
        class="chakra-tabs__tab css-1035tk2"
        data-index="2"
        id="tabs-:ra:--tab-2"
        role="tab"
        tabindex="-1"
        type="button"
      >
        Análisis
      </button>
    </div>
    <div
      class="chakra-tabs__tab-indicator css-13g3kif"
      style="position: absolute; transition-property: left, right, top, bottom, height, width; transition-duration: 0ms; transition-timing-function: cubic-bezier(0, 0, 0.2, 1); left: 0px; width: 0px;"
    />
    <div
      class="chakra-tabs__tab-panels h-full pb-0 css-8atqhb"
    >
      <div
        aria-labelledby="tabs-:ra:--tab-0"
        class="chakra-tabs__tab-panel h-[90%] overflow-scroll css-a5mhaz"
        id="tabs-:ra:--tabpanel-0"
        role="tabpanel"
        tabindex="0"
      >
        <ul
          class="h-full css-1xa84ef"
          data-testid="evolutions-list"
          role="list"
        >
          <div
            class="border-b border-black last:border-transparent"
          >
            <a
              class="chakra-link w-full css-ofs0kf"
              data-testid="evolution-card"
              href="/evolucion/1/1"
            >
              <div
                class="mb-1 flex flex-row items-center justify-between"
              >
                <div
                  class="flex flex-col items-start gap-1"
                >
                  <b
                    class="chakra-text css-qqfgvy"
                  >
                    Evolución 1: 17, septiembre 2024
                  </b>
                  <div
                    class="flex flex-col items-start gap-1"
                  >
                    <p
                      class="chakra-text css-0"
                    >
                      Editado por: Pedro Pérez
                    </p>
                    <p
                      class="chakra-text css-0"
                    >
                      Patología: Dolor
                    </p>
                  </div>
                </div>
                <div />
              </div>
            </a>
          </div>
          <div
            class="border-b border-black last:border-transparent"
          >
            <a
              class="chakra-link w-full css-ofs0kf"
              data-testid="evolution-card"
              href="/evolucion/1/2"
            >
              <div
                class="mb-1 flex flex-row items-center justify-between"
              >
                <div
                  class="flex flex-col items-start gap-1"
                >
                  <b
                    class="chakra-text css-qqfgvy"
                  >
                    Evolución 2: 17, septiembre 2024
                  </b>
                  <div
                    class="flex flex-col items-start gap-1"
                  >
                    <p
                      class="chakra-text css-0"
                    >
                      Editado por: Pedro Pérez
                    </p>
                    <p
                      class="chakra-text css-0"
                    >
                      Patología: Dolor
                    </p>
                  </div>
                </div>
                <div />
              </div>
            </a>
          </div>
          <div
            class="border-b border-black last:border-transparent"
          >
            <a
              class="chakra-link w-full css-ofs0kf"
              data-testid="evolution-card"
              href="/evolucion/1/3"
            >
              <div
                class="mb-1 flex flex-row items-center justify-between"
              >
                <div
                  class="flex flex-col items-start gap-1"
                >
                  <b
                    class="chakra-text css-qqfgvy"
                  >
                    Evolución 3: 17, septiembre 2024
                  </b>
                  <div
                    class="flex flex-col items-start gap-1"
                  >
                    <p
                      class="chakra-text css-0"
                    >
                      Editado por: Pedro Pérez
                    </p>
                    <p
                      class="chakra-text css-0"
                    >
                      Patología: Dolor
                    </p>
                  </div>
                </div>
                <div />
              </div>
            </a>
          </div>
          <div
            class="border-b border-black last:border-transparent"
          >
            <a
              class="chakra-link w-full css-ofs0kf"
              data-testid="evolution-card"
              href="/evolucion/1/4"
            >
              <div
                class="mb-1 flex flex-row items-center justify-between"
              >
                <div
                  class="flex flex-col items-start gap-1"
                >
                  <b
                    class="chakra-text css-qqfgvy"
                  >
                    Evolución 4: 17, septiembre 1997
                  </b>
                  <div
                    class="flex flex-col items-start gap-1"
                  >
                    <p
                      class="chakra-text css-0"
                    >
                      Editado por: Pedro Pérez
                    </p>
                    <p
                      class="chakra-text css-0"
                    >
                      Patología: Dolor
                    </p>
                  </div>
                </div>
                <div />
              </div>
            </a>
          </div>
          <div
            class="border-b border-black last:border-transparent"
          >
            <a
              class="chakra-link w-full css-ofs0kf"
              data-testid="evolution-card"
              href="/evolucion/1/5"
            >
              <div
                class="mb-1 flex flex-row items-center justify-between"
              >
                <div
                  class="flex flex-col items-start gap-1"
                >
                  <b
                    class="chakra-text css-qqfgvy"
                  >
                    Evolución 5: 17, septiembre 1997
                  </b>
                  <div
                    class="flex flex-col items-start gap-1"
                  >
                    <p
                      class="chakra-text css-0"
                    >
                      Editado por: Pedro Pérez
                    </p>
                    <p
                      class="chakra-text css-0"
                    >
                      Patología: Dolor
                    </p>
                  </div>
                </div>
                <div />
              </div>
            </a>
          </div>
          <div
            class="border-b border-black last:border-transparent"
          >
            <a
              class="chakra-link w-full css-ofs0kf"
              data-testid="evolution-card"
              href="/evolucion/1/6"
            >
              <div
                class="mb-1 flex flex-row items-center justify-between"
              >
                <div
                  class="flex flex-col items-start gap-1"
                >
                  <b
                    class="chakra-text css-qqfgvy"
                  >
                    Evolución 6: 17, septiembre 1997
                  </b>
                  <div
                    class="flex flex-col items-start gap-1"
                  >
                    <p
                      class="chakra-text css-0"
                    >
                      Editado por: Pedro Pérez
                    </p>
                    <p
                      class="chakra-text css-0"
                    >
                      Patología: Dolor
                    </p>
                  </div>
                </div>
                <div />
              </div>
            </a>
          </div>
          <div
            class="border-b border-black last:border-transparent"
          >
            <a
              class="chakra-link w-full css-ofs0kf"
              data-testid="evolution-card"
              href="/evolucion/1/7"
            >
              <div
                class="mb-1 flex flex-row items-center justify-between"
              >
                <div
                  class="flex flex-col items-start gap-1"
                >
                  <b
                    class="chakra-text css-qqfgvy"
                  >
                    Evolución 7: 17, septiembre 1997
                  </b>
                  <div
                    class="flex flex-col items-start gap-1"
                  >
                    <p
                      class="chakra-text css-0"
                    >
                      Editado por: Pedro Pérez
                    </p>
                    <p
                      class="chakra-text css-0"
                    >
                      Patología: Dolor
                    </p>
                  </div>
                </div>
                <div />
              </div>
            </a>
          </div>
          <div
            class="border-b border-black last:border-transparent"
          >
            <a
              class="chakra-link w-full css-ofs0kf"
              data-testid="evolution-card"
              href="/evolucion/1/8"
            >
              <div
                class="mb-1 flex flex-row items-center justify-between"
              >
                <div
                  class="flex flex-col items-start gap-1"
                >
                  <b
                    class="chakra-text css-qqfgvy"
                  >
                    Evolución 8: 17, septiembre 1997
                  </b>
                  <div
                    class="flex flex-col items-start gap-1"
                  >
                    <p
                      class="chakra-text css-0"
                    >
                      Editado por: Pedro Pérez
                    </p>
                    <p
                      class="chakra-text css-0"
                    >
                      Patología: Dolor
                    </p>
                  </div>
                </div>
                <div />
              </div>
            </a>
          </div>
          <div
            class="border-b border-black last:border-transparent"
          >
            <a
              class="chakra-link w-full css-ofs0kf"
              data-testid="evolution-card"
              href="/evolucion/1/9"
            >
              <div
                class="mb-1 flex flex-row items-center justify-between"
              >
                <div
                  class="flex flex-col items-start gap-1"
                >
                  <b
                    class="chakra-text css-qqfgvy"
                  >
                    Evolución 9: 17, septiembre 1997
                  </b>
                  <div
                    class="flex flex-col items-start gap-1"
                  >
                    <p
                      class="chakra-text css-0"
                    >
                      Editado por: Pedro Pérez
                    </p>
                    <p
                      class="chakra-text css-0"
                    >
                      Patología: Dolor
                    </p>
                  </div>
                </div>
                <div />
              </div>
            </a>
          </div>
        </ul>
      </div>
      <div
        aria-labelledby="tabs-:ra:--tab-1"
        class="chakra-tabs__tab-panel h-[90%] overflow-scroll css-a5mhaz"
        hidden=""
        id="tabs-:ra:--tabpanel-1"
        role="tabpanel"
        tabindex="0"
      >
        <ul
          class="h-full css-1xa84ef"
          data-testid="evolutions-list"
          role="list"
        >
          <div
            class="border-b border-black last:border-transparent"
          >
            <a
              class="chakra-link w-full css-ofs0kf"
              data-testid="evolution-card"
              href="/orden/1/1"
            >
              <div
                class="mb-1 flex flex-row items-center justify-between"
              >
                <div
                  class="flex flex-col items-start gap-1"
                >
                  <b
                    class="chakra-text css-qqfgvy"
                  >
                    Orden 1
                  </b>
                  <div
                    class="flex flex-col items-start gap-1"
                  >
                    <p
                      class="chakra-text css-0"
                    >
                      17, septiembre 1997
                    </p>
                    <p
                      class="chakra-text css-0"
                    >
                      Agregado por: Pedro Pérez
                    </p>
                  </div>
                </div>
                <div />
              </div>
            </a>
          </div>
          <div
            class="border-b border-black last:border-transparent"
          >
            <a
              class="chakra-link w-full css-ofs0kf"
              data-testid="evolution-card"
              href="/orden/1/2"
            >
              <div
                class="mb-1 flex flex-row items-center justify-between"
              >
                <div
                  class="flex flex-col items-start gap-1"
                >
                  <b
                    class="chakra-text css-qqfgvy"
                  >
                    Orden 2
                  </b>
                  <div
                    class="flex flex-col items-start gap-1"
                  >
                    <p
                      class="chakra-text css-0"
                    >
                      17, septiembre 1997
                    </p>
                    <p
                      class="chakra-text css-0"
                    >
                      Agregado por: Pedro Pérez
                    </p>
                  </div>
                </div>
                <div />
              </div>
            </a>
          </div>
          <div
            class="border-b border-black last:border-transparent"
          >
            <a
              class="chakra-link w-full css-ofs0kf"
              data-testid="evolution-card"
              href="/orden/1/3"
            >
              <div
                class="mb-1 flex flex-row items-center justify-between"
              >
                <div
                  class="flex flex-col items-start gap-1"
                >
                  <b
                    class="chakra-text css-qqfgvy"
                  >
                    Orden 3
                  </b>
                  <div
                    class="flex flex-col items-start gap-1"
                  >
                    <p
                      class="chakra-text css-0"
                    >
                      17, septiembre 1997
                    </p>
                    <p
                      class="chakra-text css-0"
                    >
                      Agregado por: Pedro Pérez
                    </p>
                  </div>
                </div>
                <div />
              </div>
            </a>
          </div>
          <div
            class="border-b border-black last:border-transparent"
          >
            <a
              class="chakra-link w-full css-ofs0kf"
              data-testid="evolution-card"
              href="/orden/1/4"
            >
              <div
                class="mb-1 flex flex-row items-center justify-between"
              >
                <div
                  class="flex flex-col items-start gap-1"
                >
                  <b
                    class="chakra-text css-qqfgvy"
                  >
                    Orden 4
                  </b>
                  <div
                    class="flex flex-col items-start gap-1"
                  >
                    <p
                      class="chakra-text css-0"
                    >
                      17, septiembre 1997
                    </p>
                    <p
                      class="chakra-text css-0"
                    >
                      Agregado por: Pedro Pérez
                    </p>
                  </div>
                </div>
                <div />
              </div>
            </a>
          </div>
          <div
            class="border-b border-black last:border-transparent"
          >
            <a
              class="chakra-link w-full css-ofs0kf"
              data-testid="evolution-card"
              href="/orden/1/5"
            >
              <div
                class="mb-1 flex flex-row items-center justify-between"
              >
                <div
                  class="flex flex-col items-start gap-1"
                >
                  <b
                    class="chakra-text css-qqfgvy"
                  >
                    Orden 5
                  </b>
                  <div
                    class="flex flex-col items-start gap-1"
                  >
                    <p
                      class="chakra-text css-0"
                    >
                      17, septiembre 1997
                    </p>
                    <p
                      class="chakra-text css-0"
                    >
                      Agregado por: Pedro Pérez
                    </p>
                  </div>
                </div>
                <div />
              </div>
            </a>
          </div>
          <div
            class="border-b border-black last:border-transparent"
          >
            <a
              class="chakra-link w-full css-ofs0kf"
              data-testid="evolution-card"
              href="/orden/1/6"
            >
              <div
                class="mb-1 flex flex-row items-center justify-between"
              >
                <div
                  class="flex flex-col items-start gap-1"
                >
                  <b
                    class="chakra-text css-qqfgvy"
                  >
                    Orden 6
                  </b>
                  <div
                    class="flex flex-col items-start gap-1"
                  >
                    <p
                      class="chakra-text css-0"
                    >
                      17, septiembre 1997
                    </p>
                    <p
                      class="chakra-text css-0"
                    >
                      Agregado por: Pedro Pérez
                    </p>
                  </div>
                </div>
                <div />
              </div>
            </a>
          </div>
          <div
            class="border-b border-black last:border-transparent"
          >
            <a
              class="chakra-link w-full css-ofs0kf"
              data-testid="evolution-card"
              href="/orden/1/7"
            >
              <div
                class="mb-1 flex flex-row items-center justify-between"
              >
                <div
                  class="flex flex-col items-start gap-1"
                >
                  <b
                    class="chakra-text css-qqfgvy"
                  >
                    Orden 7
                  </b>
                  <div
                    class="flex flex-col items-start gap-1"
                  >
                    <p
                      class="chakra-text css-0"
                    >
                      17, septiembre 1997
                    </p>
                    <p
                      class="chakra-text css-0"
                    >
                      Agregado por: Pedro Pérez
                    </p>
                  </div>
                </div>
                <div />
              </div>
            </a>
          </div>
          <div
            class="border-b border-black last:border-transparent"
          >
            <a
              class="chakra-link w-full css-ofs0kf"
              data-testid="evolution-card"
              href="/orden/1/8"
            >
              <div
                class="mb-1 flex flex-row items-center justify-between"
              >
                <div
                  class="flex flex-col items-start gap-1"
                >
                  <b
                    class="chakra-text css-qqfgvy"
                  >
                    Orden 8
                  </b>
                  <div
                    class="flex flex-col items-start gap-1"
                  >
                    <p
                      class="chakra-text css-0"
                    >
                      17, septiembre 1997
                    </p>
                    <p
                      class="chakra-text css-0"
                    >
                      Agregado por: Pedro Pérez
                    </p>
                  </div>
                </div>
                <div />
              </div>
            </a>
          </div>
          <div
            class="border-b border-black last:border-transparent"
          >
            <a
              class="chakra-link w-full css-ofs0kf"
              data-testid="evolution-card"
              href="/orden/1/9"
            >
              <div
                class="mb-1 flex flex-row items-center justify-between"
              >
                <div
                  class="flex flex-col items-start gap-1"
                >
                  <b
                    class="chakra-text css-qqfgvy"
                  >
                    Orden 9
                  </b>
                  <div
                    class="flex flex-col items-start gap-1"
                  >
                    <p
                      class="chakra-text css-0"
                    >
                      17, septiembre 1997
                    </p>
                    <p
                      class="chakra-text css-0"
                    >
                      Agregado por: Pedro Pérez
                    </p>
                  </div>
                </div>
                <div />
              </div>
            </a>
          </div>
        </ul>
      </div>
      <div
        aria-labelledby="tabs-:ra:--tab-2"
        class="chakra-tabs__tab-panel h-[90%] overflow-scroll css-a5mhaz"
        hidden=""
        id="tabs-:ra:--tabpanel-2"
        role="tabpanel"
        tabindex="0"
      >
        <ul
          class="h-full css-1xa84ef"
          data-testid="evolutions-list"
          role="list"
        >
          <div
            class="border-b border-black last:border-transparent"
          >
            <a
              class="chakra-link w-full css-ofs0kf"
              data-testid="evolution-card"
              href="/analisis/1/1"
            >
              <div
                class="mb-1 flex flex-row items-center justify-between"
              >
                <div
                  class="flex flex-col items-start gap-1"
                >
                  <b
                    class="chakra-text css-qqfgvy"
                  >
                    Análisis 1
                  </b>
                  <div
                    class="flex flex-col items-start gap-1"
                  >
                    <p
                      class="chakra-text css-0"
                    >
                      17, septiembre 1997
                    </p>
                    <p
                      class="chakra-text css-0"
                    >
                      Agregado por: Pedro Pérez
                    </p>
                  </div>
                </div>
                <div />
              </div>
            </a>
          </div>
          <div
            class="border-b border-black last:border-transparent"
          >
            <a
              class="chakra-link w-full css-ofs0kf"
              data-testid="evolution-card"
              href="/analisis/1/2"
            >
              <div
                class="mb-1 flex flex-row items-center justify-between"
              >
                <div
                  class="flex flex-col items-start gap-1"
                >
                  <b
                    class="chakra-text css-qqfgvy"
                  >
                    Análisis 2
                  </b>
                  <div
                    class="flex flex-col items-start gap-1"
                  >
                    <p
                      class="chakra-text css-0"
                    >
                      17, septiembre 1997
                    </p>
                    <p
                      class="chakra-text css-0"
                    >
                      Agregado por: Pedro Pérez
                    </p>
                  </div>
                </div>
                <div />
              </div>
            </a>
          </div>
          <div
            class="border-b border-black last:border-transparent"
          >
            <a
              class="chakra-link w-full css-ofs0kf"
              data-testid="evolution-card"
              href="/analisis/1/3"
            >
              <div
                class="mb-1 flex flex-row items-center justify-between"
              >
                <div
                  class="flex flex-col items-start gap-1"
                >
                  <b
                    class="chakra-text css-qqfgvy"
                  >
                    Análisis 3
                  </b>
                  <div
                    class="flex flex-col items-start gap-1"
                  >
                    <p
                      class="chakra-text css-0"
                    >
                      17, septiembre 1997
                    </p>
                    <p
                      class="chakra-text css-0"
                    >
                      Agregado por: Pedro Pérez
                    </p>
                  </div>
                </div>
                <div />
              </div>
            </a>
          </div>
          <div
            class="border-b border-black last:border-transparent"
          >
            <a
              class="chakra-link w-full css-ofs0kf"
              data-testid="evolution-card"
              href="/analisis/1/4"
            >
              <div
                class="mb-1 flex flex-row items-center justify-between"
              >
                <div
                  class="flex flex-col items-start gap-1"
                >
                  <b
                    class="chakra-text css-qqfgvy"
                  >
                    Análisis 4
                  </b>
                  <div
                    class="flex flex-col items-start gap-1"
                  >
                    <p
                      class="chakra-text css-0"
                    >
                      17, septiembre 1997
                    </p>
                    <p
                      class="chakra-text css-0"
                    >
                      Agregado por: Pedro Pérez
                    </p>
                  </div>
                </div>
                <div />
              </div>
            </a>
          </div>
          <div
            class="border-b border-black last:border-transparent"
          >
            <a
              class="chakra-link w-full css-ofs0kf"
              data-testid="evolution-card"
              href="/analisis/1/5"
            >
              <div
                class="mb-1 flex flex-row items-center justify-between"
              >
                <div
                  class="flex flex-col items-start gap-1"
                >
                  <b
                    class="chakra-text css-qqfgvy"
                  >
                    Análisis 5
                  </b>
                  <div
                    class="flex flex-col items-start gap-1"
                  >
                    <p
                      class="chakra-text css-0"
                    >
                      17, septiembre 1997
                    </p>
                    <p
                      class="chakra-text css-0"
                    >
                      Agregado por: Pedro Pérez
                    </p>
                  </div>
                </div>
                <div />
              </div>
            </a>
          </div>
          <div
            class="border-b border-black last:border-transparent"
          >
            <a
              class="chakra-link w-full css-ofs0kf"
              data-testid="evolution-card"
              href="/analisis/1/6"
            >
              <div
                class="mb-1 flex flex-row items-center justify-between"
              >
                <div
                  class="flex flex-col items-start gap-1"
                >
                  <b
                    class="chakra-text css-qqfgvy"
                  >
                    Análisis 6
                  </b>
                  <div
                    class="flex flex-col items-start gap-1"
                  >
                    <p
                      class="chakra-text css-0"
                    >
                      17, septiembre 1997
                    </p>
                    <p
                      class="chakra-text css-0"
                    >
                      Agregado por: Pedro Pérez
                    </p>
                  </div>
                </div>
                <div />
              </div>
            </a>
          </div>
          <div
            class="border-b border-black last:border-transparent"
          >
            <a
              class="chakra-link w-full css-ofs0kf"
              data-testid="evolution-card"
              href="/analisis/1/7"
            >
              <div
                class="mb-1 flex flex-row items-center justify-between"
              >
                <div
                  class="flex flex-col items-start gap-1"
                >
                  <b
                    class="chakra-text css-qqfgvy"
                  >
                    Análisis 7
                  </b>
                  <div
                    class="flex flex-col items-start gap-1"
                  >
                    <p
                      class="chakra-text css-0"
                    >
                      17, septiembre 1997
                    </p>
                    <p
                      class="chakra-text css-0"
                    >
                      Agregado por: Pedro Pérez
                    </p>
                  </div>
                </div>
                <div />
              </div>
            </a>
          </div>
          <div
            class="border-b border-black last:border-transparent"
          >
            <a
              class="chakra-link w-full css-ofs0kf"
              data-testid="evolution-card"
              href="/analisis/1/8"
            >
              <div
                class="mb-1 flex flex-row items-center justify-between"
              >
                <div
                  class="flex flex-col items-start gap-1"
                >
                  <b
                    class="chakra-text css-qqfgvy"
                  >
                    Análisis 8
                  </b>
                  <div
                    class="flex flex-col items-start gap-1"
                  >
                    <p
                      class="chakra-text css-0"
                    >
                      17, septiembre 1997
                    </p>
                    <p
                      class="chakra-text css-0"
                    >
                      Agregado por: Pedro Pérez
                    </p>
                  </div>
                </div>
                <div />
              </div>
            </a>
          </div>
          <div
            class="border-b border-black last:border-transparent"
          >
            <a
              class="chakra-link w-full css-ofs0kf"
              data-testid="evolution-card"
              href="/analisis/1/9"
            >
              <div
                class="mb-1 flex flex-row items-center justify-between"
              >
                <div
                  class="flex flex-col items-start gap-1"
                >
                  <b
                    class="chakra-text css-qqfgvy"
                  >
                    Análisis 9
                  </b>
                  <div
                    class="flex flex-col items-start gap-1"
                  >
                    <p
                      class="chakra-text css-0"
                    >
                      17, septiembre 1997
                    </p>
                    <p
                      class="chakra-text css-0"
                    >
                      Agregado por: Pedro Pérez
                    </p>
                  </div>
                </div>
                <div />
              </div>
            </a>
          </div>
        </ul>
      </div>
    </div>
  </div>
</div>
`
