// Jest Snapshot v1, https://goo.gl/fbAQLP

exports[`Organisms > MinistryRequests test Matches the snapshot 1`] = `
<div
  class="mx-auto block h-screen w-screen overflow-hidden px-8 pb-24 pt-10 false"
  data-testid="institution-requests"
>
  <div
    class="mb-8 flex flex-row justify-between false"
  >
    <img
      alt="logo"
      data-nimg="1"
      decoding="async"
      height="80"
      loading="lazy"
      src="/_next/image?url=%2Fstatic%2Fimages%2Flogo-horizontal.png&w=640&q=75"
      srcset="/_next/image?url=%2Fstatic%2Fimages%2Flogo-horizontal.png&w=256&q=75 1x, /_next/image?url=%2Fstatic%2Fimages%2Flogo-horizontal.png&w=640&q=75 2x"
      style="color: transparent;"
      width="200"
    />
    <button
      aria-controls="menu-list-:ra:"
      aria-expanded="false"
      aria-haspopup="menu"
      aria-label="Options"
      class="chakra-button chakra-menu__menu-button css-wpzvz6"
      id="menu-button-:ra:"
      type="button"
    >
      <svg
        aria-hidden="true"
        class="chakra-icon css-onkibi"
        focusable="false"
        viewBox="0 0 24 24"
      >
        <path
          d="M 3 5 A 1.0001 1.0001 0 1 0 3 7 L 21 7 A 1.0001 1.0001 0 1 0 21 5 L 3 5 z M 3 11 A 1.0001 1.0001 0 1 0 3 13 L 21 13 A 1.0001 1.0001 0 1 0 21 11 L 3 11 z M 3 17 A 1.0001 1.0001 0 1 0 3 19 L 21 19 A 1.0001 1.0001 0 1 0 21 17 L 3 17 z"
          fill="currentColor"
        />
      </svg>
    </button>
    <div
      class="css-r6z5ec"
      style="visibility: hidden; position: absolute; min-width: max-content; inset: 0 auto auto 0;"
    >
      <div
        aria-orientation="vertical"
        class="chakra-menu__menu-list css-1kfu8nn"
        id="menu-list-:ra:"
        role="menu"
        style="transform-origin: var(--popper-transform-origin); opacity: 0; visibility: hidden; transform: scale(0.8) translateZ(0);"
        tabindex="-1"
      >
        <a
          class="chakra-menu__menuitem css-18esm8n"
          data-index="0"
          href="/ministerio/instituciones"
          id="menu-list-:ra:-menuitem-:rb:"
          role="menuitem"
          tabindex="-1"
        >
          Instituciones con acceso
        </a>
      </div>
    </div>
  </div>
  <div
    class="h-full lg:px-80"
  >
    <div
      class="chakra-stack h-full css-8g8ihq"
      data-testid="requests-list"
    >
      <h2
        class="chakra-heading mb-4 css-9f6g39"
      >
        Solicitudes pendientes
      </h2>
      <div
        class="overflow-auto"
      >
        <ul
          class="css-155za0w"
          role="list"
        >
          <div
            class="border-b border-black py-4 last:border-transparent"
          >
            <a
              class="chakra-link w-full css-spn4bz"
              data-testid="request-card"
              href="/ministerio/institucion/3fa85f64-5717-4562-b3fc-2c963f66afa1"
            >
              <div
                class="flex flex-row items-center justify-between"
              >
                <div
                  class="flex flex-col items-start gap-1"
                >
                  <b
                    class="chakra-text css-qqfgvy"
                  >
                    Clínica Tex Mex 1
                  </b>
                  <p
                    class="chakra-text css-0"
                  >
                    RIF 14578245
                  </p>
                </div>
                <div />
              </div>
            </a>
          </div>
          <div
            class="border-b border-black py-4 last:border-transparent"
          >
            <a
              class="chakra-link w-full css-spn4bz"
              data-testid="request-card"
              href="/ministerio/institucion/3fa85f64-5717-4562-b3fc-2c963f66afa11"
            >
              <div
                class="flex flex-row items-center justify-between"
              >
                <div
                  class="flex flex-col items-start gap-1"
                >
                  <b
                    class="chakra-text css-qqfgvy"
                  >
                    Clínica Tex Mex 2
                  </b>
                  <p
                    class="chakra-text css-0"
                  >
                    RIF 14578245
                  </p>
                </div>
                <div />
              </div>
            </a>
          </div>
          <div
            class="border-b border-black py-4 last:border-transparent"
          >
            <a
              class="chakra-link w-full css-spn4bz"
              data-testid="request-card"
              href="/ministerio/institucion/3fa85f64-5717-4562-b3fc-2c963f66afa12"
            >
              <div
                class="flex flex-row items-center justify-between"
              >
                <div
                  class="flex flex-col items-start gap-1"
                >
                  <b
                    class="chakra-text css-qqfgvy"
                  >
                    Clínica Tex Mex 3
                  </b>
                  <p
                    class="chakra-text css-0"
                  >
                    RIF 14578245
                  </p>
                </div>
                <div />
              </div>
            </a>
          </div>
          <div
            class="border-b border-black py-4 last:border-transparent"
          >
            <a
              class="chakra-link w-full css-spn4bz"
              data-testid="request-card"
              href="/ministerio/institucion/3fa85f64-5717-4562-b3fc-2c963f66afa13"
            >
              <div
                class="flex flex-row items-center justify-between"
              >
                <div
                  class="flex flex-col items-start gap-1"
                >
                  <b
                    class="chakra-text css-qqfgvy"
                  >
                    Clínica Tex Mex 4
                  </b>
                  <p
                    class="chakra-text css-0"
                  >
                    RIF 14578245
                  </p>
                </div>
                <div />
              </div>
            </a>
          </div>
          <div
            class="border-b border-black py-4 last:border-transparent"
          >
            <a
              class="chakra-link w-full css-spn4bz"
              data-testid="request-card"
              href="/ministerio/institucion/3fa85f64-5717-4562-b3fc-2c963f66afa2"
            >
              <div
                class="flex flex-row items-center justify-between"
              >
                <div
                  class="flex flex-col items-start gap-1"
                >
                  <b
                    class="chakra-text css-qqfgvy"
                  >
                    Clínica Tex Mex 5
                  </b>
                  <p
                    class="chakra-text css-0"
                  >
                    RIF 14578245
                  </p>
                </div>
                <div />
              </div>
            </a>
          </div>
          <div
            class="border-b border-black py-4 last:border-transparent"
          >
            <a
              class="chakra-link w-full css-spn4bz"
              data-testid="request-card"
              href="/ministerio/institucion/3fa85f64-5717-4562-b3fc-2c963f66afa3"
            >
              <div
                class="flex flex-row items-center justify-between"
              >
                <div
                  class="flex flex-col items-start gap-1"
                >
                  <b
                    class="chakra-text css-qqfgvy"
                  >
                    Clínica Tex Mex 6
                  </b>
                  <p
                    class="chakra-text css-0"
                  >
                    RIF 14578245
                  </p>
                </div>
                <div />
              </div>
            </a>
          </div>
          <div
            class="border-b border-black py-4 last:border-transparent"
          >
            <a
              class="chakra-link w-full css-spn4bz"
              data-testid="request-card"
              href="/ministerio/institucion/3fa85f64-5717-4562-b3fc-2c963f66afa4"
            >
              <div
                class="flex flex-row items-center justify-between"
              >
                <div
                  class="flex flex-col items-start gap-1"
                >
                  <b
                    class="chakra-text css-qqfgvy"
                  >
                    Clínica Tex Mex 7
                  </b>
                  <p
                    class="chakra-text css-0"
                  >
                    RIF 14578245
                  </p>
                </div>
                <div />
              </div>
            </a>
          </div>
          <div
            class="border-b border-black py-4 last:border-transparent"
          >
            <a
              class="chakra-link w-full css-spn4bz"
              data-testid="request-card"
              href="/ministerio/institucion/3fa85f64-5717-4562-b3fc-2c963f66afa5"
            >
              <div
                class="flex flex-row items-center justify-between"
              >
                <div
                  class="flex flex-col items-start gap-1"
                >
                  <b
                    class="chakra-text css-qqfgvy"
                  >
                    Clínica Tex Mex 8
                  </b>
                  <p
                    class="chakra-text css-0"
                  >
                    RIF 14578245
                  </p>
                </div>
                <div />
              </div>
            </a>
          </div>
          <div
            class="border-b border-black py-4 last:border-transparent"
          >
            <a
              class="chakra-link w-full css-spn4bz"
              data-testid="request-card"
              href="/ministerio/institucion/3fa85f64-5717-4562-b3fc-2c963f66afa6"
            >
              <div
                class="flex flex-row items-center justify-between"
              >
                <div
                  class="flex flex-col items-start gap-1"
                >
                  <b
                    class="chakra-text css-qqfgvy"
                  >
                    Clínica Tex Mex 9
                  </b>
                  <p
                    class="chakra-text css-0"
                  >
                    RIF 14578245
                  </p>
                </div>
                <div />
              </div>
            </a>
          </div>
          <div
            class="border-b border-black py-4 last:border-transparent"
          >
            <a
              class="chakra-link w-full css-spn4bz"
              data-testid="request-card"
              href="/ministerio/institucion/3fa85f64-5717-4562-b3fc-2c963f66afa7"
            >
              <div
                class="flex flex-row items-center justify-between"
              >
                <div
                  class="flex flex-col items-start gap-1"
                >
                  <b
                    class="chakra-text css-qqfgvy"
                  >
                    Clínica Tex Mex 10
                  </b>
                  <p
                    class="chakra-text css-0"
                  >
                    RIF 14578245
                  </p>
                </div>
                <div />
              </div>
            </a>
          </div>
          <div
            class="border-b border-black py-4 last:border-transparent"
          >
            <a
              class="chakra-link w-full css-spn4bz"
              data-testid="request-card"
              href="/ministerio/institucion/3fa85f64-5717-4562-b3fc-2c963f66afa8"
            >
              <div
                class="flex flex-row items-center justify-between"
              >
                <div
                  class="flex flex-col items-start gap-1"
                >
                  <b
                    class="chakra-text css-qqfgvy"
                  >
                    Clínica Tex Mex 11
                  </b>
                  <p
                    class="chakra-text css-0"
                  >
                    RIF 14578245
                  </p>
                </div>
                <div />
              </div>
            </a>
          </div>
        </ul>
      </div>
    </div>
  </div>
</div>
`
