// Jest Snapshot v1, https://goo.gl/fbAQLP

exports[`Organisms > InstitutionRequests test Matches the snapshot 1`] = `
<div
  class="mx-auto block h-screen w-screen overflow-hidden px-8 pb-24 pt-10 false"
  data-testid="institution-requests"
>
  <div
    class="mb-8 flex flex-row justify-between"
  >
    <div />
    <button
      aria-controls="menu-list-:rh:"
      aria-expanded="false"
      aria-haspopup="menu"
      aria-label="Options"
      class="chakra-button chakra-menu__menu-button css-wpzvz6"
      id="menu-button-:rh:"
      type="button"
    >
      <svg
        aria-hidden="true"
        class="chakra-icon css-onkibi"
        focusable="false"
        viewBox="0 0 24 24"
      >
        <path
          d="M 3 5 A 1.0001 1.0001 0 1 0 3 7 L 21 7 A 1.0001 1.0001 0 1 0 21 5 L 3 5 z M 3 11 A 1.0001 1.0001 0 1 0 3 13 L 21 13 A 1.0001 1.0001 0 1 0 21 11 L 3 11 z M 3 17 A 1.0001 1.0001 0 1 0 3 19 L 21 19 A 1.0001 1.0001 0 1 0 21 17 L 3 17 z"
          fill="currentColor"
        />
      </svg>
    </button>
    <div
      class="css-r6z5ec"
      style="visibility: hidden; position: absolute; min-width: max-content; inset: 0 auto auto 0;"
    >
      <div
        aria-orientation="vertical"
        class="chakra-menu__menu-list css-1kfu8nn"
        id="menu-list-:rh:"
        role="menu"
        style="transform-origin: var(--popper-transform-origin); opacity: 0; visibility: hidden; transform: scale(0.8) translateZ(0);"
        tabindex="-1"
      >
        <button
          class="chakra-menu__menuitem css-18esm8n"
          data-index="0"
          id="menu-list-:rh:-menuitem-:ri:"
          role="menuitem"
          tabindex="-1"
          type="button"
        >
          <a
            href="/institucion/medicos"
          >
            Médicos con acceso
          </a>
        </button>
        <button
          class="chakra-menu__menuitem css-18esm8n"
          data-index="1"
          id="menu-list-:rh:-menuitem-:rj:"
          role="menuitem"
          tabindex="-1"
          type="button"
        >
          <a
            href="/perfil/institucion"
          >
            Perfil de la institución
          </a>
        </button>
      </div>
    </div>
  </div>
  <div
    class="h-full lg:px-80"
  >
    <div
      class="chakra-stack h-full css-8g8ihq"
      data-testid="requests-list"
    >
      <h2
        class="chakra-heading mb-4 css-9f6g39"
      >
        Solicitudes pendientes
      </h2>
      <div
        class="overflow-auto"
      >
        <ul
          class="css-155za0w"
          role="list"
        >
          <div
            class="border-b border-black py-4 last:border-transparent"
          >
            <a
              class="chakra-link w-full css-spn4bz"
              data-testid="request-card"
              href="/institucion/medico/1000000/1000000"
            >
              <div
                class="flex flex-row items-center justify-between"
              >
                <div
                  class="flex flex-col items-start gap-1"
                >
                  <b
                    class="chakra-text css-qqfgvy"
                  >
                    José Pérez
                  </b>
                  <p
                    class="chakra-text css-0"
                  >
                    C.I: 1000000, undefined, undefined.
                  </p>
                </div>
                <div />
              </div>
            </a>
          </div>
          <div
            class="border-b border-black py-4 last:border-transparent"
          >
            <a
              class="chakra-link w-full css-spn4bz"
              data-testid="request-card"
              href="/institucion/medico/2000000/2000000"
            >
              <div
                class="flex flex-row items-center justify-between"
              >
                <div
                  class="flex flex-col items-start gap-1"
                >
                  <b
                    class="chakra-text css-qqfgvy"
                  >
                    José Pérez
                  </b>
                  <p
                    class="chakra-text css-0"
                  >
                    C.I: 2000000, undefined, undefined.
                  </p>
                </div>
                <div />
              </div>
            </a>
          </div>
          <div
            class="border-b border-black py-4 last:border-transparent"
          >
            <a
              class="chakra-link w-full css-spn4bz"
              data-testid="request-card"
              href="/institucion/medico/3000000/3000000"
            >
              <div
                class="flex flex-row items-center justify-between"
              >
                <div
                  class="flex flex-col items-start gap-1"
                >
                  <b
                    class="chakra-text css-qqfgvy"
                  >
                    José Pérez
                  </b>
                  <p
                    class="chakra-text css-0"
                  >
                    C.I: 3000000, undefined, undefined.
                  </p>
                </div>
                <div />
              </div>
            </a>
          </div>
          <div
            class="border-b border-black py-4 last:border-transparent"
          >
            <a
              class="chakra-link w-full css-spn4bz"
              data-testid="request-card"
              href="/institucion/medico/4000000/4000000"
            >
              <div
                class="flex flex-row items-center justify-between"
              >
                <div
                  class="flex flex-col items-start gap-1"
                >
                  <b
                    class="chakra-text css-qqfgvy"
                  >
                    José Pérez
                  </b>
                  <p
                    class="chakra-text css-0"
                  >
                    C.I: 4000000, undefined, undefined.
                  </p>
                </div>
                <div />
              </div>
            </a>
          </div>
          <div
            class="border-b border-black py-4 last:border-transparent"
          >
            <a
              class="chakra-link w-full css-spn4bz"
              data-testid="request-card"
              href="/institucion/medico/5000000/5000000"
            >
              <div
                class="flex flex-row items-center justify-between"
              >
                <div
                  class="flex flex-col items-start gap-1"
                >
                  <b
                    class="chakra-text css-qqfgvy"
                  >
                    José Pérez
                  </b>
                  <p
                    class="chakra-text css-0"
                  >
                    C.I: 5000000, undefined, undefined.
                  </p>
                </div>
                <div />
              </div>
            </a>
          </div>
          <div
            class="border-b border-black py-4 last:border-transparent"
          >
            <a
              class="chakra-link w-full css-spn4bz"
              data-testid="request-card"
              href="/institucion/medico/6000000/6000000"
            >
              <div
                class="flex flex-row items-center justify-between"
              >
                <div
                  class="flex flex-col items-start gap-1"
                >
                  <b
                    class="chakra-text css-qqfgvy"
                  >
                    José Pérez
                  </b>
                  <p
                    class="chakra-text css-0"
                  >
                    C.I: 6000000, undefined, undefined.
                  </p>
                </div>
                <div />
              </div>
            </a>
          </div>
          <div
            class="border-b border-black py-4 last:border-transparent"
          >
            <a
              class="chakra-link w-full css-spn4bz"
              data-testid="request-card"
              href="/institucion/medico/7000000/7000000"
            >
              <div
                class="flex flex-row items-center justify-between"
              >
                <div
                  class="flex flex-col items-start gap-1"
                >
                  <b
                    class="chakra-text css-qqfgvy"
                  >
                    José Pérez
                  </b>
                  <p
                    class="chakra-text css-0"
                  >
                    C.I: 7000000, undefined, undefined.
                  </p>
                </div>
                <div />
              </div>
            </a>
          </div>
          <div
            class="border-b border-black py-4 last:border-transparent"
          >
            <a
              class="chakra-link w-full css-spn4bz"
              data-testid="request-card"
              href="/institucion/medico/16000000/16000000"
            >
              <div
                class="flex flex-row items-center justify-between"
              >
                <div
                  class="flex flex-col items-start gap-1"
                >
                  <b
                    class="chakra-text css-qqfgvy"
                  >
                    José Pérez
                  </b>
                  <p
                    class="chakra-text css-0"
                  >
                    C.I: 16000000, undefined, undefined.
                  </p>
                </div>
                <div />
              </div>
            </a>
          </div>
          <div
            class="border-b border-black py-4 last:border-transparent"
          >
            <a
              class="chakra-link w-full css-spn4bz"
              data-testid="request-card"
              href="/institucion/medico/17000000/17000000"
            >
              <div
                class="flex flex-row items-center justify-between"
              >
                <div
                  class="flex flex-col items-start gap-1"
                >
                  <b
                    class="chakra-text css-qqfgvy"
                  >
                    José Pérez
                  </b>
                  <p
                    class="chakra-text css-0"
                  >
                    C.I: 17000000, undefined, undefined.
                  </p>
                </div>
                <div />
              </div>
            </a>
          </div>
          <div
            class="border-b border-black py-4 last:border-transparent"
          >
            <a
              class="chakra-link w-full css-spn4bz"
              data-testid="request-card"
              href="/institucion/medico/18000000/18000000"
            >
              <div
                class="flex flex-row items-center justify-between"
              >
                <div
                  class="flex flex-col items-start gap-1"
                >
                  <b
                    class="chakra-text css-qqfgvy"
                  >
                    José Pérez
                  </b>
                  <p
                    class="chakra-text css-0"
                  >
                    C.I: 18000000, undefined, undefined.
                  </p>
                </div>
                <div />
              </div>
            </a>
          </div>
          <div
            class="border-b border-black py-4 last:border-transparent"
          >
            <a
              class="chakra-link w-full css-spn4bz"
              data-testid="request-card"
              href="/institucion/medico/19000000/19000000"
            >
              <div
                class="flex flex-row items-center justify-between"
              >
                <div
                  class="flex flex-col items-start gap-1"
                >
                  <b
                    class="chakra-text css-qqfgvy"
                  >
                    José Pérez
                  </b>
                  <p
                    class="chakra-text css-0"
                  >
                    C.I: 19000000, undefined, undefined.
                  </p>
                </div>
                <div />
              </div>
            </a>
          </div>
          <div
            class="border-b border-black py-4 last:border-transparent"
          >
            <a
              class="chakra-link w-full css-spn4bz"
              data-testid="request-card"
              href="/institucion/medico/20000000/20000000"
            >
              <div
                class="flex flex-row items-center justify-between"
              >
                <div
                  class="flex flex-col items-start gap-1"
                >
                  <b
                    class="chakra-text css-qqfgvy"
                  >
                    José Pérez
                  </b>
                  <p
                    class="chakra-text css-0"
                  >
                    C.I: 20000000, undefined, undefined.
                  </p>
                </div>
                <div />
              </div>
            </a>
          </div>
          <div
            class="border-b border-black py-4 last:border-transparent"
          >
            <a
              class="chakra-link w-full css-spn4bz"
              data-testid="request-card"
              href="/institucion/medico/21000000/21000000"
            >
              <div
                class="flex flex-row items-center justify-between"
              >
                <div
                  class="flex flex-col items-start gap-1"
                >
                  <b
                    class="chakra-text css-qqfgvy"
                  >
                    José Pérez
                  </b>
                  <p
                    class="chakra-text css-0"
                  >
                    C.I: 21000000, undefined, undefined.
                  </p>
                </div>
                <div />
              </div>
            </a>
          </div>
          <div
            class="border-b border-black py-4 last:border-transparent"
          >
            <a
              class="chakra-link w-full css-spn4bz"
              data-testid="request-card"
              href="/institucion/medico/22000000/22000000"
            >
              <div
                class="flex flex-row items-center justify-between"
              >
                <div
                  class="flex flex-col items-start gap-1"
                >
                  <b
                    class="chakra-text css-qqfgvy"
                  >
                    José Pérez
                  </b>
                  <p
                    class="chakra-text css-0"
                  >
                    C.I: 22000000, undefined, undefined.
                  </p>
                </div>
                <div />
              </div>
            </a>
          </div>
        </ul>
      </div>
    </div>
  </div>
</div>
`
