// Jest Snapshot v1, https://goo.gl/fbAQLP

exports[`Organisms > NurseProfile test Matches the snapshot 1`] = `
<div
  class="flex h-screen w-screen flex-col p-8 lg:px-96 "
  data-testid="nurse-profile"
>
  <p
    class="chakra-text mb-6 font-medium css-0"
  >
    Perfil
  </p>
  <div
    class="flex h-full flex-col"
  >
    <div
      class="chakra-stack css-1uriqkk"
    >
      <h3
        class="chakra-heading css-ypohwm"
      >
        José
         
        Pérez
      </h3>
      <p
        class="chakra-text css-0"
      >
        CI: 
        1000000
      </p>
    </div>
    <div
      class="chakra-stack css-1j35777"
    >
      <h4
        class="text-sm text-gray-600"
      >
        Fecha de nacimiento
      </h4>
      <p
        class="chakra-text font-medium css-0"
      >
        17 de septiembre, 1997
      </p>
    </div>
    <div
      class="chakra-stack css-1j35777"
    >
      <h4
        class="text-sm text-gray-600"
      >
        Correo electrónico
      </h4>
      <p
        class="chakra-text font-medium css-0"
      >
        joseperez@gmail.com
      </p>
    </div>
    <div
      class="chakra-stack css-1j35777"
    >
      <h4
        class="text-sm text-gray-600"
      >
        Teléfono
      </h4>
      <p
        class="chakra-text font-medium css-0"
      >
        4127775522
      </p>
    </div>
    <button
      class="chakra-button mt-56 w-full css-jzcxx5"
      type="button"
    >
      Cerrar sesión
    </button>
  </div>
</div>
`
